Apache Maven 3.9.5 (57804ffe001d7215b5e7bcb531cf83df38f93546)
Maven home: C:\Users\ArthurLemarc_v4i1hl3\.maven\apache-maven-3.9.5
Java version: 17.0.2, vendor: Oracle Corporation, runtime: C:\Users\ArthurLemarc_v4i1hl3\.java\jdk-17.0.2
Default locale: fr_FR, platform encoding: Cp1252
OS name: "windows 11", version: "10.0", arch: "amd64", family: "windows"
[DEBUG] Created new class realm maven.api
[DEBUG] Importing foreign packages into class realm maven.api
[DEBUG]   Imported: javax.annotation.* < plexus.core
[DEBUG]   Imported: javax.annotation.security.* < plexus.core
[DEBUG]   Imported: javax.inject.* < plexus.core
[DEBUG]   Imported: org.apache.maven.* < plexus.core
[DEBUG]   Imported: org.apache.maven.artifact < plexus.core
[DEBUG]   Imported: org.apache.maven.classrealm < plexus.core
[DEBUG]   Imported: org.apache.maven.cli < plexus.core
[DEBUG]   Imported: org.apache.maven.configuration < plexus.core
[DEBUG]   Imported: org.apache.maven.exception < plexus.core
[DEBUG]   Imported: org.apache.maven.execution < plexus.core
[DEBUG]   Imported: org.apache.maven.execution.scope < plexus.core
[DEBUG]   Imported: org.apache.maven.graph < plexus.core
[DEBUG]   Imported: org.apache.maven.lifecycle < plexus.core
[DEBUG]   Imported: org.apache.maven.model < plexus.core
[DEBUG]   Imported: org.apache.maven.monitor < plexus.core
[DEBUG]   Imported: org.apache.maven.plugin < plexus.core
[DEBUG]   Imported: org.apache.maven.profiles < plexus.core
[DEBUG]   Imported: org.apache.maven.project < plexus.core
[DEBUG]   Imported: org.apache.maven.reporting < plexus.core
[DEBUG]   Imported: org.apache.maven.repository < plexus.core
[DEBUG]   Imported: org.apache.maven.rtinfo < plexus.core
[DEBUG]   Imported: org.apache.maven.settings < plexus.core
[DEBUG]   Imported: org.apache.maven.toolchain < plexus.core
[DEBUG]   Imported: org.apache.maven.usability < plexus.core
[DEBUG]   Imported: org.apache.maven.wagon.* < plexus.core
[DEBUG]   Imported: org.apache.maven.wagon.authentication < plexus.core
[DEBUG]   Imported: org.apache.maven.wagon.authorization < plexus.core
[DEBUG]   Imported: org.apache.maven.wagon.events < plexus.core
[DEBUG]   Imported: org.apache.maven.wagon.observers < plexus.core
[DEBUG]   Imported: org.apache.maven.wagon.proxy < plexus.core
[DEBUG]   Imported: org.apache.maven.wagon.repository < plexus.core
[DEBUG]   Imported: org.apache.maven.wagon.resource < plexus.core
[DEBUG]   Imported: org.codehaus.classworlds < plexus.core
[DEBUG]   Imported: org.codehaus.plexus.* < plexus.core
[DEBUG]   Imported: org.codehaus.plexus.classworlds < plexus.core
[DEBUG]   Imported: org.codehaus.plexus.component < plexus.core
[DEBUG]   Imported: org.codehaus.plexus.configuration < plexus.core
[DEBUG]   Imported: org.codehaus.plexus.container < plexus.core
[DEBUG]   Imported: org.codehaus.plexus.context < plexus.core
[DEBUG]   Imported: org.codehaus.plexus.lifecycle < plexus.core
[DEBUG]   Imported: org.codehaus.plexus.logging < plexus.core
[DEBUG]   Imported: org.codehaus.plexus.personality < plexus.core
[DEBUG]   Imported: org.codehaus.plexus.util.xml.Xpp3Dom < plexus.core
[DEBUG]   Imported: org.codehaus.plexus.util.xml.pull.XmlPullParser < plexus.core
[DEBUG]   Imported: org.codehaus.plexus.util.xml.pull.XmlPullParserException < plexus.core
[DEBUG]   Imported: org.codehaus.plexus.util.xml.pull.XmlSerializer < plexus.core
[DEBUG]   Imported: org.eclipse.aether.* < plexus.core
[DEBUG]   Imported: org.eclipse.aether.artifact < plexus.core
[DEBUG]   Imported: org.eclipse.aether.collection < plexus.core
[DEBUG]   Imported: org.eclipse.aether.deployment < plexus.core
[DEBUG]   Imported: org.eclipse.aether.graph < plexus.core
[DEBUG]   Imported: org.eclipse.aether.impl < plexus.core
[DEBUG]   Imported: org.eclipse.aether.installation < plexus.core
[DEBUG]   Imported: org.eclipse.aether.internal.impl < plexus.core
[DEBUG]   Imported: org.eclipse.aether.metadata < plexus.core
[DEBUG]   Imported: org.eclipse.aether.repository < plexus.core
[DEBUG]   Imported: org.eclipse.aether.resolution < plexus.core
[DEBUG]   Imported: org.eclipse.aether.spi < plexus.core
[DEBUG]   Imported: org.eclipse.aether.transfer < plexus.core
[DEBUG]   Imported: org.eclipse.aether.util < plexus.core
[DEBUG]   Imported: org.eclipse.aether.version < plexus.core
[DEBUG]   Imported: org.fusesource.jansi.* < plexus.core
[DEBUG]   Imported: org.slf4j.* < plexus.core
[DEBUG]   Imported: org.slf4j.event.* < plexus.core
[DEBUG]   Imported: org.slf4j.helpers.* < plexus.core
[DEBUG]   Imported: org.slf4j.spi.* < plexus.core
[DEBUG] Populating class realm maven.api
[DEBUG] Created adapter factory; available factories [file-lock, rwlock-local, semaphore-local, noop]; available name mappers [discriminating, file-gav, file-hgav, file-static, gav, static]
[INFO] Error stacktraces are turned on.
[DEBUG] Message scheme: color
[DEBUG] Message styles: debug info warning error success failure strong mojo project
[DEBUG] Reading global settings from C:\Users\ArthurLemarc_v4i1hl3\.maven\apache-maven-3.9.5\conf\settings.xml
[DEBUG] Reading user settings from C:\Users\ArthurLemarc_v4i1hl3\.m2\settings.xml
[DEBUG] Reading global toolchains from C:\Users\ArthurLemarc_v4i1hl3\.maven\apache-maven-3.9.5\conf\toolchains.xml
[DEBUG] Reading user toolchains from C:\Users\ArthurLemarc_v4i1hl3\.m2\toolchains.xml
[DEBUG] Using local repository at C:\Users\ArthurLemarc_v4i1hl3\.m2\repository
[DEBUG] Using manager EnhancedLocalRepositoryManager with priority 10.0 for C:\Users\ArthurLemarc_v4i1hl3\.m2\repository
[INFO] Scanning for projects...
[DEBUG] Creating adapter using nameMapper 'gav' and factory 'rwlock-local'
[DEBUG] Extension realms for project com.poc:backend:jar:0.0.1-SNAPSHOT: (none)
[DEBUG] Looking up lifecycle mappings for packaging jar from ClassRealm[plexus.core, parent: null]
[DEBUG] Extension realms for project org.springframework.boot:spring-boot-starter-parent:pom:3.3.0: (none)
[DEBUG] Looking up lifecycle mappings for packaging pom from ClassRealm[plexus.core, parent: null]
[DEBUG] Extension realms for project org.springframework.boot:spring-boot-dependencies:pom:3.3.0: (none)
[DEBUG] Looking up lifecycle mappings for packaging pom from ClassRealm[plexus.core, parent: null]
[DEBUG] Resolving plugin prefix spring-boot from [org.apache.maven.plugins, org.codehaus.mojo]
[DEBUG] Resolved plugin prefix spring-boot to org.springframework.boot:spring-boot-maven-plugin from POM com.poc:backend:jar:0.0.1-SNAPSHOT
[DEBUG] === REACTOR BUILD PLAN ================================================
[DEBUG] Project: com.poc:backend:jar:0.0.1-SNAPSHOT
[DEBUG] Tasks:   [spring-boot:run]
[DEBUG] Style:   Regular
[DEBUG] =======================================================================
[INFO] 
[INFO] --------------------------< com.poc:backend >---------------------------
[INFO] Building poc-backend 0.0.1-SNAPSHOT
[INFO]   from pom.xml
[INFO] --------------------------------[ jar ]---------------------------------
[DEBUG] Resolving plugin prefix spring-boot from [org.apache.maven.plugins, org.codehaus.mojo]
[DEBUG] Resolved plugin prefix spring-boot to org.springframework.boot:spring-boot-maven-plugin from POM com.poc:backend:jar:0.0.1-SNAPSHOT
[DEBUG] Lifecycle clean -> [pre-clean, clean, post-clean]
[DEBUG] Lifecycle default -> [validate, initialize, generate-sources, process-sources, generate-resources, process-resources, compile, process-classes, generate-test-sources, process-test-sources, generate-test-resources, process-test-resources, test-compile, process-test-classes, test, prepare-package, package, pre-integration-test, integration-test, post-integration-test, verify, install, deploy]
[DEBUG] Lifecycle site -> [pre-site, site, post-site, site-deploy]
[DEBUG] Lifecycle clean -> [pre-clean, clean, post-clean]
[DEBUG] Lifecycle default -> [validate, initialize, generate-sources, process-sources, generate-resources, process-resources, compile, process-classes, generate-test-sources, process-test-sources, generate-test-resources, process-test-resources, test-compile, process-test-classes, test, prepare-package, package, pre-integration-test, integration-test, post-integration-test, verify, install, deploy]
[DEBUG] Lifecycle site -> [pre-site, site, post-site, site-deploy]
[DEBUG] === PROJECT BUILD PLAN ================================================
[DEBUG] Project:       com.poc:backend:0.0.1-SNAPSHOT
[DEBUG] Dependencies (collect): []
[DEBUG] Dependencies (resolve): [test]
[DEBUG] Repositories (dependencies): [central (https://repo.maven.apache.org/maven2, default, releases)]
[DEBUG] Repositories (plugins)     : [central (https://repo.maven.apache.org/maven2, default, releases)]
[DEBUG] --- init fork of com.poc:backend:0.0.1-SNAPSHOT for org.springframework.boot:spring-boot-maven-plugin:3.3.0:run (default-cli) ---
[DEBUG] Dependencies (collect): []
[DEBUG] Dependencies (resolve): [compile, test]
[DEBUG] -----------------------------------------------------------------------
[DEBUG] Goal:          org.apache.maven.plugins:maven-resources-plugin:3.3.1:resources (default-resources)
[DEBUG] Style:         Regular
[DEBUG] Configuration: <?xml version="1.0" encoding="UTF-8"?>
<configuration>
  <addDefaultExcludes default-value="true"/>
  <buildFilters default-value="${project.build.filters}"/>
  <delimiters>
    <delimiter>@</delimiter>
  </delimiters>
  <encoding default-value="${project.build.sourceEncoding}"/>
  <escapeWindowsPaths default-value="true"/>
  <fileNameFiltering default-value="false"/>
  <includeEmptyDirs default-value="false"/>
  <outputDirectory default-value="${project.build.outputDirectory}"/>
  <overwrite default-value="false"/>
  <project default-value="${project}"/>
  <propertiesEncoding>UTF-8</propertiesEncoding>
  <resources default-value="${project.resources}"/>
  <session default-value="${session}"/>
  <skip default-value="false">${maven.resources.skip}</skip>
  <supportMultiLineFiltering default-value="false"/>
  <useBuildFilters default-value="true"/>
  <useDefaultDelimiters default-value="true">false</useDefaultDelimiters>
</configuration>
[DEBUG] -----------------------------------------------------------------------
[DEBUG] Goal:          org.apache.maven.plugins:maven-compiler-plugin:3.13.0:compile (default-compile)
[DEBUG] Style:         Regular
[DEBUG] Configuration: <?xml version="1.0" encoding="UTF-8"?>
<configuration>
  <annotationProcessorPathsUseDepMgmt default-value="false"/>
  <basedir default-value="${basedir}"/>
  <buildDirectory default-value="${project.build.directory}"/>
  <compilePath default-value="${project.compileClasspathElements}"/>
  <compileSourceRoots default-value="${project.compileSourceRoots}"/>
  <compilerId default-value="javac">${maven.compiler.compilerId}</compilerId>
  <compilerReuseStrategy default-value="${reuseCreated}">${maven.compiler.compilerReuseStrategy}</compilerReuseStrategy>
  <compilerVersion>${maven.compiler.compilerVersion}</compilerVersion>
  <createMissingPackageInfoClass default-value="true">${maven.compiler.createMissingPackageInfoClass}</createMissingPackageInfoClass>
  <debug default-value="true">${maven.compiler.debug}</debug>
  <debugFileName default-value="javac"/>
  <debuglevel>${maven.compiler.debuglevel}</debuglevel>
  <enablePreview default-value="false">${maven.compiler.enablePreview}</enablePreview>
  <encoding default-value="${project.build.sourceEncoding}">${encoding}</encoding>
  <executable>${maven.compiler.executable}</executable>
  <failOnError default-value="true">${maven.compiler.failOnError}</failOnError>
  <failOnWarning default-value="false">${maven.compiler.failOnWarning}</failOnWarning>
  <fileExtensions default-value="class,jar"/>
  <forceJavacCompilerUse default-value="false">${maven.compiler.forceJavacCompilerUse}</forceJavacCompilerUse>
  <forceLegacyJavacApi default-value="false">${maven.compiler.forceLegacyJavacApi}</forceLegacyJavacApi>
  <fork default-value="false">${maven.compiler.fork}</fork>
  <generatedSourcesDirectory default-value="${project.build.directory}/generated-sources/annotations"/>
  <implicit>${maven.compiler.implicit}</implicit>
  <maxmem>${maven.compiler.maxmem}</maxmem>
  <meminitial>${maven.compiler.meminitial}</meminitial>
  <mojoExecution default-value="${mojoExecution}"/>
  <optimize default-value="false">${maven.compiler.optimize}</optimize>
  <outputDirectory default-value="${project.build.outputDirectory}">${maven.compiler.outputDirectory}</outputDirectory>
  <outputTimestamp default-value="${project.build.outputTimestamp}"/>
  <parameters default-value="false">true</parameters>
  <proc>${maven.compiler.proc}</proc>
  <project default-value="${project}"/>
  <projectArtifact default-value="${project.artifact}"/>
  <release>${maven.compiler.release}</release>
  <session default-value="${session}"/>
  <showCompilationChanges default-value="false">${maven.compiler.showCompilationChanges}</showCompilationChanges>
  <showDeprecation default-value="false">${maven.compiler.showDeprecation}</showDeprecation>
  <showWarnings default-value="true">${maven.compiler.showWarnings}</showWarnings>
  <skipMain>${maven.main.skip}</skipMain>
  <skipMultiThreadWarning default-value="false">${maven.compiler.skipMultiThreadWarning}</skipMultiThreadWarning>
  <source default-value="1.8">${maven.compiler.source}</source>
  <staleMillis default-value="0">${lastModGranularityMs}</staleMillis>
  <target default-value="1.8">${maven.compiler.target}</target>
  <useIncrementalCompilation default-value="true">${maven.compiler.useIncrementalCompilation}</useIncrementalCompilation>
  <verbose default-value="false">${maven.compiler.verbose}</verbose>
</configuration>
[DEBUG] -----------------------------------------------------------------------
[DEBUG] Goal:          org.apache.maven.plugins:maven-resources-plugin:3.3.1:testResources (default-testResources)
[DEBUG] Style:         Regular
[DEBUG] Configuration: <?xml version="1.0" encoding="UTF-8"?>
<configuration>
  <addDefaultExcludes default-value="true"/>
  <buildFilters default-value="${project.build.filters}"/>
  <delimiters>
    <delimiter>@</delimiter>
  </delimiters>
  <encoding default-value="${project.build.sourceEncoding}"/>
  <escapeWindowsPaths default-value="true"/>
  <fileNameFiltering default-value="false"/>
  <includeEmptyDirs default-value="false"/>
  <outputDirectory default-value="${project.build.testOutputDirectory}"/>
  <overwrite default-value="false"/>
  <project default-value="${project}"/>
  <propertiesEncoding>UTF-8</propertiesEncoding>
  <resources default-value="${project.testResources}"/>
  <session default-value="${session}"/>
  <skip default-value="false">${maven.test.skip}</skip>
  <supportMultiLineFiltering default-value="false"/>
  <useBuildFilters default-value="true"/>
  <useDefaultDelimiters default-value="true">false</useDefaultDelimiters>
</configuration>
[DEBUG] -----------------------------------------------------------------------
[DEBUG] Goal:          org.apache.maven.plugins:maven-compiler-plugin:3.13.0:testCompile (default-testCompile)
[DEBUG] Style:         Regular
[DEBUG] Configuration: <?xml version="1.0" encoding="UTF-8"?>
<configuration>
  <annotationProcessorPathsUseDepMgmt default-value="false"/>
  <basedir default-value="${basedir}"/>
  <buildDirectory default-value="${project.build.directory}"/>
  <compileSourceRoots default-value="${project.testCompileSourceRoots}"/>
  <compilerId default-value="javac">${maven.compiler.compilerId}</compilerId>
  <compilerReuseStrategy default-value="${reuseCreated}">${maven.compiler.compilerReuseStrategy}</compilerReuseStrategy>
  <compilerVersion>${maven.compiler.compilerVersion}</compilerVersion>
  <createMissingPackageInfoClass default-value="true">${maven.compiler.createMissingPackageInfoClass}</createMissingPackageInfoClass>
  <debug default-value="true">${maven.compiler.debug}</debug>
  <debugFileName default-value="javac-test"/>
  <debuglevel>${maven.compiler.debuglevel}</debuglevel>
  <enablePreview default-value="false">${maven.compiler.enablePreview}</enablePreview>
  <encoding default-value="${project.build.sourceEncoding}">${encoding}</encoding>
  <executable>${maven.compiler.executable}</executable>
  <failOnError default-value="true">${maven.compiler.failOnError}</failOnError>
  <failOnWarning default-value="false">${maven.compiler.failOnWarning}</failOnWarning>
  <fileExtensions default-value="class,jar"/>
  <forceJavacCompilerUse default-value="false">${maven.compiler.forceJavacCompilerUse}</forceJavacCompilerUse>
  <forceLegacyJavacApi default-value="false">${maven.compiler.forceLegacyJavacApi}</forceLegacyJavacApi>
  <fork default-value="false">${maven.compiler.fork}</fork>
  <generatedTestSourcesDirectory default-value="${project.build.directory}/generated-test-sources/test-annotations"/>
  <implicit>${maven.compiler.implicit}</implicit>
  <maxmem>${maven.compiler.maxmem}</maxmem>
  <meminitial>${maven.compiler.meminitial}</meminitial>
  <mojoExecution default-value="${mojoExecution}"/>
  <optimize default-value="false">${maven.compiler.optimize}</optimize>
  <outputDirectory default-value="${project.build.testOutputDirectory}"/>
  <outputTimestamp default-value="${project.build.outputTimestamp}"/>
  <parameters default-value="false">true</parameters>
  <proc>${maven.compiler.proc}</proc>
  <project default-value="${project}"/>
  <release>${maven.compiler.release}</release>
  <session default-value="${session}"/>
  <showCompilationChanges default-value="false">${maven.compiler.showCompilationChanges}</showCompilationChanges>
  <showDeprecation default-value="false">${maven.compiler.showDeprecation}</showDeprecation>
  <showWarnings default-value="true">${maven.compiler.showWarnings}</showWarnings>
  <skip>${maven.test.skip}</skip>
  <skipMultiThreadWarning default-value="false">${maven.compiler.skipMultiThreadWarning}</skipMultiThreadWarning>
  <source default-value="1.8">${maven.compiler.source}</source>
  <staleMillis default-value="0">${lastModGranularityMs}</staleMillis>
  <target default-value="1.8">${maven.compiler.target}</target>
  <testPath default-value="${project.testClasspathElements}"/>
  <testRelease>${maven.compiler.testRelease}</testRelease>
  <testSource>${maven.compiler.testSource}</testSource>
  <testTarget>${maven.compiler.testTarget}</testTarget>
  <useIncrementalCompilation default-value="true">${maven.compiler.useIncrementalCompilation}</useIncrementalCompilation>
  <useModulePath default-value="true"/>
  <verbose default-value="false">${maven.compiler.verbose}</verbose>
</configuration>
[DEBUG] --- exit fork of com.poc:backend:0.0.1-SNAPSHOT for org.springframework.boot:spring-boot-maven-plugin:3.3.0:run (default-cli) ---
[DEBUG] -----------------------------------------------------------------------
[DEBUG] Goal:          org.springframework.boot:spring-boot-maven-plugin:3.3.0:run (default-cli)
[DEBUG] Style:         Regular
[DEBUG] Configuration: <?xml version="1.0" encoding="UTF-8"?>
<configuration>
  <addResources default-value="false">${spring-boot.run.addResources}</addResources>
  <additionalClasspathElements>${spring-boot.run.additional-classpath-elements}</additionalClasspathElements>
  <agents>${spring-boot.run.agents}</agents>
  <classesDirectory default-value="${project.build.outputDirectory}"/>
  <commandlineArguments>${spring-boot.run.arguments}</commandlineArguments>
  <directories>${spring-boot.run.directories}</directories>
  <excludeGroupIds default-value="">${spring-boot.excludeGroupIds}</excludeGroupIds>
  <excludes>
    <exclude>
      <groupId>org.projectlombok</groupId>
      <artifactId>lombok</artifactId>
    </exclude>${spring-boot.excludes}</excludes>
  <includes>${spring-boot.includes}</includes>
  <jvmArguments>${spring-boot.run.jvmArguments}</jvmArguments>
  <mainClass>${start-class}</mainClass>
  <noverify>${spring-boot.run.noverify}</noverify>
  <optimizedLaunch default-value="true">${spring-boot.run.optimizedLaunch}</optimizedLaunch>
  <profiles>${spring-boot.run.profiles}</profiles>
  <project default-value="${project}"/>
  <session default-value="${session}"/>
  <skip default-value="false">${spring-boot.run.skip}</skip>
  <useTestClasspath default-value="false">${spring-boot.run.useTestClasspath}</useTestClasspath>
  <workingDirectory>${spring-boot.run.workingDirectory}</workingDirectory>
</configuration>
[DEBUG] =======================================================================
[INFO] 
[INFO] >>> spring-boot:3.3.0:run (default-cli) > test-compile @ backend >>>
[DEBUG] Using mirror maven-default-http-blocker (http://0.0.0.0/) for apache.snapshots (http://repository.apache.org/snapshots).
[DEBUG] Using mirror maven-default-http-blocker (http://0.0.0.0/) for vaadin-snapshots (http://oss.sonatype.org/content/repositories/vaadin-snapshots/).
[DEBUG] Using mirror maven-default-http-blocker (http://0.0.0.0/) for vaadin-releases (http://oss.sonatype.org/content/repositories/vaadin-releases/).
[DEBUG] Dependency collection stats {ConflictMarker.analyzeTime=5915200, ConflictMarker.markTime=742400, ConflictMarker.nodeCount=237, ConflictIdSorter.graphTime=1563800, ConflictIdSorter.topsortTime=1477600, ConflictIdSorter.conflictIdCount=118, ConflictIdSorter.conflictIdCycleCount=0, ConflictResolver.totalTime=26623200, ConflictResolver.conflictItemCount=231, DfDependencyCollector.collectTime=998750900, DfDependencyCollector.transformTime=48672900}
[DEBUG] com.poc:backend:jar:0.0.1-SNAPSHOT
[DEBUG]    org.springframework.boot:spring-boot-starter-web:jar:3.3.0:compile
[DEBUG]       org.springframework.boot:spring-boot-starter:jar:3.3.0:compile (version managed from 3.3.0)
[DEBUG]          org.springframework.boot:spring-boot-starter-logging:jar:3.3.0:compile (version managed from 3.3.0)
[DEBUG]             ch.qos.logback:logback-classic:jar:1.5.6:compile (version managed from 1.5.6)
[DEBUG]                ch.qos.logback:logback-core:jar:1.5.6:compile (version managed from 1.5.6)
[DEBUG]             org.apache.logging.log4j:log4j-to-slf4j:jar:2.23.1:compile (version managed from 2.23.1)
[DEBUG]             org.slf4j:jul-to-slf4j:jar:2.0.13:compile (version managed from 2.0.13)
[DEBUG]          jakarta.annotation:jakarta.annotation-api:jar:2.1.1:compile (version managed from 2.1.1)
[DEBUG]          org.yaml:snakeyaml:jar:2.2:compile (version managed from 2.2)
[DEBUG]       org.springframework.boot:spring-boot-starter-json:jar:3.3.0:compile (version managed from 3.3.0)
[DEBUG]          com.fasterxml.jackson.datatype:jackson-datatype-jdk8:jar:2.17.1:compile (version managed from 2.17.1)
[DEBUG]          com.fasterxml.jackson.datatype:jackson-datatype-jsr310:jar:2.17.1:compile (version managed from 2.17.1)
[DEBUG]          com.fasterxml.jackson.module:jackson-module-parameter-names:jar:2.17.1:compile (version managed from 2.17.1)
[DEBUG]       org.springframework.boot:spring-boot-starter-tomcat:jar:3.3.0:compile (version managed from 3.3.0)
[DEBUG]          org.apache.tomcat.embed:tomcat-embed-core:jar:10.1.24:compile (version managed from 10.1.24)
[DEBUG]          org.apache.tomcat.embed:tomcat-embed-el:jar:10.1.24:compile (version managed from 10.1.24)
[DEBUG]          org.apache.tomcat.embed:tomcat-embed-websocket:jar:10.1.24:compile (version managed from 10.1.24)
[DEBUG]       org.springframework:spring-web:jar:6.1.8:compile (version managed from 6.1.8)
[DEBUG]          org.springframework:spring-beans:jar:6.1.8:compile (version managed from 6.1.8)
[DEBUG]          io.micrometer:micrometer-observation:jar:1.13.0:compile (version managed from 1.12.6)
[DEBUG]             io.micrometer:micrometer-commons:jar:1.13.0:compile (version managed from 1.13.0)
[DEBUG]       org.springframework:spring-webmvc:jar:6.1.8:compile (version managed from 6.1.8)
[DEBUG]          org.springframework:spring-context:jar:6.1.8:compile (version managed from 6.1.8)
[DEBUG]          org.springframework:spring-expression:jar:6.1.8:compile (version managed from 6.1.8)
[DEBUG]    org.springframework.boot:spring-boot-starter-data-jpa:jar:3.3.0:compile
[DEBUG]       org.springframework.boot:spring-boot-starter-aop:jar:3.3.0:compile (version managed from 3.3.0)
[DEBUG]          org.aspectj:aspectjweaver:jar:1.9.22:compile (version managed from 1.9.22)
[DEBUG]       org.springframework.boot:spring-boot-starter-jdbc:jar:3.3.0:compile (version managed from 3.3.0)
[DEBUG]          com.zaxxer:HikariCP:jar:5.1.0:compile (version managed from 5.1.0)
[DEBUG]          org.springframework:spring-jdbc:jar:6.1.8:compile (version managed from 6.1.8)
[DEBUG]       org.hibernate.orm:hibernate-core:jar:6.5.2.Final:compile (version managed from 6.5.2.Final)
[DEBUG]          jakarta.persistence:jakarta.persistence-api:jar:3.1.0:compile (version managed from 3.1.0)
[DEBUG]          jakarta.transaction:jakarta.transaction-api:jar:2.0.1:compile (version managed from 2.0.1)
[DEBUG]          org.jboss.logging:jboss-logging:jar:3.5.3.Final:runtime (version managed from 3.5.0.Final)
[DEBUG]          org.hibernate.common:hibernate-commons-annotations:jar:6.0.6.Final:runtime
[DEBUG]          io.smallrye:jandex:jar:3.1.2:runtime
[DEBUG]          com.fasterxml:classmate:jar:1.7.0:runtime (version managed from 1.5.1)
[DEBUG]          net.bytebuddy:byte-buddy:jar:1.14.16:runtime (version managed from 1.14.15)
[DEBUG]          org.glassfish.jaxb:jaxb-runtime:jar:4.0.5:runtime (version managed from 4.0.2)
[DEBUG]             org.glassfish.jaxb:jaxb-core:jar:4.0.5:runtime (version managed from 4.0.5)
[DEBUG]                org.eclipse.angus:angus-activation:jar:2.0.2:runtime (version managed from 2.0.2)
[DEBUG]                org.glassfish.jaxb:txw2:jar:4.0.5:runtime (version managed from 4.0.5)
[DEBUG]                com.sun.istack:istack-commons-runtime:jar:4.1.2:runtime (version managed from 4.1.2)
[DEBUG]          jakarta.inject:jakarta.inject-api:jar:2.0.1:runtime (version managed from 2.0.1)
[DEBUG]          org.antlr:antlr4-runtime:jar:4.13.0:compile
[DEBUG]       org.springframework.data:spring-data-jpa:jar:3.3.0:compile (version managed from 3.3.0)
[DEBUG]          org.springframework.data:spring-data-commons:jar:3.3.0:compile (version managed from 3.3.0)
[DEBUG]          org.springframework:spring-orm:jar:6.1.8:compile (version managed from 6.1.7)
[DEBUG]          org.springframework:spring-tx:jar:6.1.8:compile (version managed from 6.1.7)
[DEBUG]          org.slf4j:slf4j-api:jar:2.0.13:compile (version managed from 2.0.2)
[DEBUG]       org.springframework:spring-aspects:jar:6.1.8:compile (version managed from 6.1.8)
[DEBUG]    com.h2database:h2:jar:2.2.224:runtime
[DEBUG]    org.projectlombok:lombok:jar:1.18.32:compile (optional)
[DEBUG]    org.springframework.boot:spring-boot-devtools:jar:3.3.0:runtime (optional)
[DEBUG]       org.springframework.boot:spring-boot:jar:3.3.0:compile (version managed from 3.3.0)
[DEBUG]       org.springframework.boot:spring-boot-autoconfigure:jar:3.3.0:compile (version managed from 3.3.0)
[DEBUG]    com.opencsv:opencsv:jar:5.7.1:compile
[DEBUG]       org.apache.commons:commons-lang3:jar:3.14.0:compile (version managed from 3.12.0)
[DEBUG]       org.apache.commons:commons-text:jar:1.10.0:compile
[DEBUG]       commons-beanutils:commons-beanutils:jar:1.9.4:compile
[DEBUG]          commons-logging:commons-logging:jar:1.2:compile
[DEBUG]          commons-collections:commons-collections:jar:3.2.2:compile
[DEBUG]       org.apache.commons:commons-collections4:jar:4.4:compile
[DEBUG]    org.apache.poi:poi-ooxml:jar:5.2.3:compile
[DEBUG]       org.apache.poi:poi:jar:5.2.3:compile
[DEBUG]          commons-codec:commons-codec:jar:1.16.1:compile (version managed from 1.15)
[DEBUG]          org.apache.commons:commons-math3:jar:3.6.1:compile
[DEBUG]          com.zaxxer:SparseBitSet:jar:1.2:compile
[DEBUG]       org.apache.poi:poi-ooxml-lite:jar:5.2.3:compile
[DEBUG]       org.apache.xmlbeans:xmlbeans:jar:5.1.1:compile
[DEBUG]       org.apache.commons:commons-compress:jar:1.21:compile
[DEBUG]       commons-io:commons-io:jar:2.11.0:compile
[DEBUG]       com.github.virtuald:curvesapi:jar:1.07:compile
[DEBUG]       org.apache.logging.log4j:log4j-api:jar:2.23.1:compile (version managed from 2.18.0)
[DEBUG]    org.springframework.boot:spring-boot-starter-test:jar:3.3.0:test
[DEBUG]       org.springframework.boot:spring-boot-test:jar:3.3.0:test (version managed from 3.3.0)
[DEBUG]       org.springframework.boot:spring-boot-test-autoconfigure:jar:3.3.0:test (version managed from 3.3.0)
[DEBUG]       com.jayway.jsonpath:json-path:jar:2.9.0:test (version managed from 2.9.0)
[DEBUG]       jakarta.xml.bind:jakarta.xml.bind-api:jar:4.0.2:runtime (version managed from 4.0.2)
[DEBUG]          jakarta.activation:jakarta.activation-api:jar:2.1.3:runtime (version managed from 2.1.3)
[DEBUG]       net.minidev:json-smart:jar:2.5.1:test (version managed from 2.5.1)
[DEBUG]          net.minidev:accessors-smart:jar:2.5.1:test
[DEBUG]             org.ow2.asm:asm:jar:9.6:test
[DEBUG]       org.assertj:assertj-core:jar:3.25.3:test (version managed from 3.25.3)
[DEBUG]       org.awaitility:awaitility:jar:4.2.1:test (version managed from 4.2.1)
[DEBUG]       org.hamcrest:hamcrest:jar:2.2:test (version managed from 2.2)
[DEBUG]       org.junit.jupiter:junit-jupiter:jar:5.10.2:test (version managed from 5.10.2)
[DEBUG]          org.junit.jupiter:junit-jupiter-api:jar:5.10.2:test (version managed from 5.10.2)
[DEBUG]             org.opentest4j:opentest4j:jar:1.3.0:test
[DEBUG]             org.junit.platform:junit-platform-commons:jar:1.10.2:test (version managed from 1.10.2)
[DEBUG]             org.apiguardian:apiguardian-api:jar:1.1.2:test
[DEBUG]          org.junit.jupiter:junit-jupiter-params:jar:5.10.2:test (version managed from 5.10.2)
[DEBUG]          org.junit.jupiter:junit-jupiter-engine:jar:5.10.2:test (version managed from 5.10.2)
[DEBUG]             org.junit.platform:junit-platform-engine:jar:1.10.2:test (version managed from 1.10.2)
[DEBUG]       org.mockito:mockito-core:jar:5.11.0:test (version managed from 5.11.0)
[DEBUG]          net.bytebuddy:byte-buddy-agent:jar:1.14.16:test (version managed from 1.14.12)
[DEBUG]          org.objenesis:objenesis:jar:3.3:test
[DEBUG]       org.mockito:mockito-junit-jupiter:jar:5.11.0:test (version managed from 5.11.0)
[DEBUG]       org.skyscreamer:jsonassert:jar:1.5.1:test (version managed from 1.5.1)
[DEBUG]          com.vaadin.external.google:android-json:jar:0.0.20131108.vaadin1:test
[DEBUG]       org.springframework:spring-core:jar:6.1.8:compile (version managed from 6.1.8)
[DEBUG]          org.springframework:spring-jcl:jar:6.1.8:compile (version managed from 6.1.8)
[DEBUG]       org.springframework:spring-test:jar:6.1.8:test (version managed from 6.1.8)
[DEBUG]       org.xmlunit:xmlunit-core:jar:2.9.1:test (version managed from 2.9.1)
[DEBUG]    org.springframework.boot:spring-boot-starter-security:jar:3.3.0:compile
[DEBUG]       org.springframework:spring-aop:jar:6.1.8:compile (version managed from 6.1.8)
[DEBUG]       org.springframework.security:spring-security-config:jar:6.3.0:compile (version managed from 6.3.0)
[DEBUG]          org.springframework.security:spring-security-core:jar:6.3.0:compile (version managed from 6.3.0)
[DEBUG]             org.springframework.security:spring-security-crypto:jar:6.3.0:compile (version managed from 6.3.0)
[DEBUG]       org.springframework.security:spring-security-web:jar:6.3.0:compile (version managed from 6.3.0)
[DEBUG]    io.jsonwebtoken:jjwt-api:jar:0.11.5:compile
[DEBUG]    io.jsonwebtoken:jjwt-impl:jar:0.11.5:runtime
[DEBUG]    io.jsonwebtoken:jjwt-jackson:jar:0.11.5:runtime
[DEBUG]       com.fasterxml.jackson.core:jackson-databind:jar:2.17.1:compile (version managed from 2.12.6.1)
[DEBUG]          com.fasterxml.jackson.core:jackson-annotations:jar:2.17.1:compile (version managed from 2.17.1)
[DEBUG]          com.fasterxml.jackson.core:jackson-core:jar:2.17.1:compile (version managed from 2.17.1)
[DEBUG]    com.github.librepdf:openpdf:jar:1.3.30:compile
[DEBUG]       com.google.code.findbugs:jsr305:jar:3.0.2:compile
[INFO] 
[INFO] --- resources:3.3.1:resources (default-resources) @ backend ---
[DEBUG] Dependency collection stats {ConflictMarker.analyzeTime=225800, ConflictMarker.markTime=133000, ConflictMarker.nodeCount=13, ConflictIdSorter.graphTime=114100, ConflictIdSorter.topsortTime=33000, ConflictIdSorter.conflictIdCount=9, ConflictIdSorter.conflictIdCycleCount=0, ConflictResolver.totalTime=440900, ConflictResolver.conflictItemCount=13, DfDependencyCollector.collectTime=93925200, DfDependencyCollector.transformTime=986000}
[DEBUG] org.apache.maven.plugins:maven-resources-plugin:jar:3.3.1
[DEBUG]    org.codehaus.plexus:plexus-interpolation:jar:1.26:runtime
[DEBUG]    org.codehaus.plexus:plexus-utils:jar:3.5.1:compile
[DEBUG]    org.apache.maven.shared:maven-filtering:jar:3.3.1:compile
[DEBUG]       javax.inject:javax.inject:jar:1:compile
[DEBUG]       org.slf4j:slf4j-api:jar:1.7.36:compile
[DEBUG]       org.sonatype.plexus:plexus-build-api:jar:0.0.7:compile
[DEBUG]    commons-io:commons-io:jar:2.11.0:compile
[DEBUG]    org.apache.commons:commons-lang3:jar:3.12.0:compile
[DEBUG] Created new class realm plugin>org.apache.maven.plugins:maven-resources-plugin:3.3.1
[DEBUG] Importing foreign packages into class realm plugin>org.apache.maven.plugins:maven-resources-plugin:3.3.1
[DEBUG]   Imported:  < maven.api
[DEBUG] Populating class realm plugin>org.apache.maven.plugins:maven-resources-plugin:3.3.1
[DEBUG]   Included: org.apache.maven.plugins:maven-resources-plugin:jar:3.3.1
[DEBUG]   Included: org.codehaus.plexus:plexus-interpolation:jar:1.26
[DEBUG]   Included: org.codehaus.plexus:plexus-utils:jar:3.5.1
[DEBUG]   Included: org.apache.maven.shared:maven-filtering:jar:3.3.1
[DEBUG]   Included: org.sonatype.plexus:plexus-build-api:jar:0.0.7
[DEBUG]   Included: commons-io:commons-io:jar:2.11.0
[DEBUG]   Included: org.apache.commons:commons-lang3:jar:3.12.0
[DEBUG] Loading mojo org.apache.maven.plugins:maven-resources-plugin:3.3.1:resources from plugin realm ClassRealm[plugin>org.apache.maven.plugins:maven-resources-plugin:3.3.1, parent: jdk.internal.loader.ClassLoaders$AppClassLoader@73d16e93]
[DEBUG] Configuring mojo execution 'org.apache.maven.plugins:maven-resources-plugin:3.3.1:resources:default-resources' with basic configurator -->
[DEBUG]   (f) addDefaultExcludes = true
[DEBUG]   (f) buildFilters = []
[DEBUG]   (s) delimiters = [@]
[DEBUG]   (f) encoding = UTF-8
[DEBUG]   (f) escapeWindowsPaths = true
[DEBUG]   (f) fileNameFiltering = false
[DEBUG]   (s) includeEmptyDirs = false
[DEBUG]   (s) outputDirectory = C:\Users\ArthurLemarc_v4i1hl3\OneDrive - Noveo\Bureau\TSE\Semestre 9\POC\backend\target\classes
[DEBUG]   (s) overwrite = false
[DEBUG]   (f) project = MavenProject: com.poc:backend:0.0.1-SNAPSHOT @ C:\Users\ArthurLemarc_v4i1hl3\OneDrive - Noveo\Bureau\TSE\Semestre 9\POC\backend\pom.xml
[DEBUG]   (f) propertiesEncoding = UTF-8
[DEBUG]   (s) resources = [Resource {targetPath: null, filtering: true, FileSet {directory: C:\Users\ArthurLemarc_v4i1hl3\OneDrive - Noveo\Bureau\TSE\Semestre 9\POC\backend\src\main\resources, PatternSet [includes: {**/application*.yml, **/application*.yaml, **/application*.properties}, excludes: {}]}}, Resource {targetPath: null, filtering: false, FileSet {directory: C:\Users\ArthurLemarc_v4i1hl3\OneDrive - Noveo\Bureau\TSE\Semestre 9\POC\backend\src\main\resources, PatternSet [includes: {}, excludes: {**/application*.yml, **/application*.yaml, **/application*.properties}]}}]
[DEBUG]   (f) session = org.apache.maven.execution.MavenSession@1afd72ef
[DEBUG]   (f) skip = false
[DEBUG]   (f) supportMultiLineFiltering = false
[DEBUG]   (f) useBuildFilters = true
[DEBUG]   (s) useDefaultDelimiters = false
[DEBUG] -- end configuration --
[DEBUG] properties used:
[DEBUG] activemq.version: 6.1.2
[DEBUG] angus-mail.version: 2.0.3
[DEBUG] artemis.version: 2.33.0
[DEBUG] aspectj.version: 1.9.22
[DEBUG] assertj.version: 3.25.3
[DEBUG] awaitility.version: 4.2.1
[DEBUG] brave.version: 6.0.3
[DEBUG] build-helper-maven-plugin.version: 3.5.0
[DEBUG] byte-buddy.version: 1.14.16
[DEBUG] cache2k.version: 2.6.1.Final
[DEBUG] caffeine.version: 3.1.8
[DEBUG] cassandra-driver.version: 4.18.1
[DEBUG] classmate.version: 1.7.0
[DEBUG] classworlds.conf: C:\Users\ArthurLemarc_v4i1hl3\.maven\apache-maven-3.9.5\bin\m2.conf
[DEBUG] commons-codec.version: 1.16.1
[DEBUG] commons-dbcp2.version: 2.12.0
[DEBUG] commons-lang3.version: 3.14.0
[DEBUG] commons-pool.version: 1.6
[DEBUG] commons-pool2.version: 2.12.0
[DEBUG] couchbase-client.version: 3.6.2
[DEBUG] crac.version: 1.4.0
[DEBUG] cyclonedx-maven-plugin.version: 2.8.0
[DEBUG] db2-jdbc.version: 11.5.9.0
[DEBUG] dependency-management-plugin.version: 1.1.5
[DEBUG] derby.version: 10.16.1.1
[DEBUG] ehcache3.version: 3.10.8
[DEBUG] elasticsearch-client.version: 8.13.4
[DEBUG] env.=C:: C:\Users\ArthurLemarc_v4i1hl3\OneDrive - Noveo\Bureau\TSE\Semestre 9\POC\backend
[DEBUG] env.ALLUSERSPROFILE: C:\ProgramData
[DEBUG] env.ANTIGRAVITY_AGENT: 1
[DEBUG] env.ANTIGRAVITY_CLI_ALIAS: agy
[DEBUG] env.APPDATA: C:\Users\ArthurLemarc_v4i1hl3\AppData\Roaming
[DEBUG] env.BUNDLED_DEBUGPY_PATH: c:\Users\ArthurLemarc_v4i1hl3\.antigravity\extensions\ms-python.debugpy-2025.14.1-win32-x64\bundled\libs\debugpy
[DEBUG] env.CHROME_CRASHPAD_PIPE_NAME: \\.\pipe\crashpad_38332_ZWINCDESGVPFQNEP
[DEBUG] env.CLASSWORLDS_JAR: "C:\Users\ArthurLemarc_v4i1hl3\.maven\apache-maven-3.9.5\boot\plexus-classworlds-2.7.0.jar"
[DEBUG] env.CLASSWORLDS_LAUNCHER: org.codehaus.plexus.classworlds.launcher.Launcher
[DEBUG] env.COLORTERM: truecolor
[DEBUG] env.COMMONPROGRAMFILES: C:\Program Files\Common Files
[DEBUG] env.COMMONPROGRAMFILES(X86): C:\Program Files (x86)\Common Files
[DEBUG] env.COMMONPROGRAMW6432: C:\Program Files\Common Files
[DEBUG] env.COMPUTERNAME: NOVEO
[DEBUG] env.COMSPEC: C:\WINDOWS\system32\cmd.exe
[DEBUG] env.DRIVERDATA: C:\Windows\System32\Drivers\DriverData
[DEBUG] env.EFC_9952_1592913036: 1
[DEBUG] env.ERROR_CODE: 0
[DEBUG] env.EXEC_DIR: C:\Users\ArthurLemarc_v4i1hl3\OneDrive - Noveo\Bureau\TSE\Semestre 9\POC\backend
[DEBUG] env.FPS_BROWSER_APP_PROFILE_STRING: Internet Explorer
[DEBUG] env.FPS_BROWSER_USER_PROFILE_STRING: Default
[DEBUG] env.HOMEDRIVE: C:
[DEBUG] env.HOMEPATH: \Users\ArthurLemarc_v4i1hl3
[DEBUG] env.IGCCSVC_DB: AQAAANCMnd8BFdERjHoAwE/Cl+sBAAAAlblqQVfBMUmh6yNpYxi+mAQAAAACAAAAAAAQZgAAAAEAACAAAABxVAzSFLM5/ZgJSePToZkJ9iHinsL1vtH5anPWzgFmWAAAAAAOgAAAAAIAACAAAACwH8e6oeyfntMtOKruYiGptk+VhK4cMFJ0EEF9vL239WAAAADaus96Q0VROsdTViqQaPjS4IU+Bvf6mZkgDBc6ThaQnLHt+mnUhtR4JezND8TPUcA2opl00clYPckfVmUR5cYW6aKGfsceeWni73rrigWm47SoGZdEDHOEgrUjmdDpP+9AAAAA3Ngu7Ss5/Es33JJhoQczgYGRRd6tMi65bMLI7CwqiRd/Q5HdleEl4kn8hJNUnfHt2U6uMr0ymid/aVDsFjsqFg==
[DEBUG] env.JAVACMD: C:\Users\ArthurLemarc_v4i1hl3\.java\jdk-17.0.2\bin\java.exe
[DEBUG] env.JAVA_HOME: C:\Users\ArthurLemarc_v4i1hl3\.java\jdk-17.0.2
[DEBUG] env.JVMCONFIG: \.mvn\jvm.config
[DEBUG] env.LANG: en_US.UTF-8
[DEBUG] env.LOCALAPPDATA: C:\Users\ArthurLemarc_v4i1hl3\AppData\Local
[DEBUG] env.LOGONSERVER: \\NOVEO
[DEBUG] env.M2_HOME: C:\Users\ArthurLemarc_v4i1hl3\.m2\apache-maven-3.9.9
[DEBUG] env.MAVEN_CMD_LINE_ARGS: -e -X spring-boot:run
[DEBUG] env.MAVEN_HOME: C:\Users\ArthurLemarc_v4i1hl3\.maven\apache-maven-3.9.5
[DEBUG] env.MAVEN_PROJECTBASEDIR: C:\Users\ArthurLemarc_v4i1hl3\OneDrive - Noveo\Bureau\TSE\Semestre 9\POC\backend
[DEBUG] env.NUMBER_OF_PROCESSORS: 12
[DEBUG] env.ONEDRIVE: C:\Users\ArthurLemarc_v4i1hl3\OneDrive - Noveo
[DEBUG] env.ONEDRIVECOMMERCIAL: C:\Users\ArthurLemarc_v4i1hl3\OneDrive - Noveo
[DEBUG] env.ORIGINAL_XDG_CURRENT_DESKTOP: undefined
[DEBUG] env.OS: Windows_NT
[DEBUG] env.PAGER: cat
[DEBUG] env.PATH: C:\Users\ArthurLemarc_v4i1hl3\.java\jdk-17.0.2\bin;C:\Users\ArthurLemarc_v4i1hl3\.m2\apache-maven-3.9.9\bin;C:\Users\ArthurLemarc_v4i1hl3\.java\jdk-17.0.2\bin;C:\Users\ArthurLemarc_v4i1hl3\.m2\apache-maven-3.9.9\bin;C:\Users\ArthurLemarc_v4i1hl3\.java\jdk-17.0.2\bin;C:\Users\ArthurLemarc_v4i1hl3\.maven\apache-maven-3.9.5\bin;C:\Users\ArthurLemarc_v4i1hl3\.java\jdk-17.0.2\bin;C:\Users\ArthurLemarc_v4i1hl3\.maven\apache-maven-3.9.5\bin;C:\Program Files\Google\Chrome\Application;C:\WINDOWS\system32;C:\WINDOWS;C:\WINDOWS\System32\Wbem;C:\WINDOWS\System32\WindowsPowerShell\v1.0\;C:\WINDOWS\System32\OpenSSH\;C:\Program Files\dotnet\;C:\Users\ArthurLemarc_v4i1hl3\AppData\Local\Microsoft\WindowsApps;c:\Users\ArthurLemarc_v4i1hl3\.antigravity\extensions\ms-python.debugpy-2025.14.1-win32-x64\bundled\scripts\noConfigScripts
[DEBUG] env.PATHEXT: .COM;.EXE;.BAT;.CMD;.VBS;.VBE;.JS;.JSE;.WSF;.WSH;.MSC;.CPL
[DEBUG] env.PROCESSOR_ARCHITECTURE: AMD64
[DEBUG] env.PROCESSOR_IDENTIFIER: Intel64 Family 6 Model 186 Stepping 3, GenuineIntel
[DEBUG] env.PROCESSOR_LEVEL: 6
[DEBUG] env.PROCESSOR_REVISION: ba03
[DEBUG] env.PROGRAMDATA: C:\ProgramData
[DEBUG] env.PROGRAMFILES: C:\Program Files
[DEBUG] env.PROGRAMFILES(X86): C:\Program Files (x86)
[DEBUG] env.PROGRAMW6432: C:\Program Files
[DEBUG] env.PROMPT: $P$G
[DEBUG] env.PSMODULEPATH: C:\Users\ArthurLemarc_v4i1hl3\OneDrive - Noveo\Documents\WindowsPowerShell\Modules;C:\Program Files\WindowsPowerShell\Modules;C:\WINDOWS\system32\WindowsPowerShell\v1.0\Modules
[DEBUG] env.PUBLIC: C:\Users\Public
[DEBUG] env.PYDEVD_DISABLE_FILE_VALIDATION: 1
[DEBUG] env.PYTHONSTARTUP: c:\Users\ArthurLemarc_v4i1hl3\AppData\Roaming\Antigravity\User\workspaceStorage\b8f1076868388772bd63cadd8e6ce6ab\ms-python.python\pythonrc.py
[DEBUG] env.PYTHON_BASIC_REPL: 1
[DEBUG] env.SESSIONNAME: Console
[DEBUG] env.SYSTEMDRIVE: C:
[DEBUG] env.SYSTEMROOT: C:\WINDOWS
[DEBUG] env.TEMP: C:\Users\ARTHUR~1\AppData\Local\Temp
[DEBUG] env.TERM_PROGRAM: vscode
[DEBUG] env.TERM_PROGRAM_VERSION: 1.104.0
[DEBUG] env.TMP: C:\Users\ARTHUR~1\AppData\Local\Temp
[DEBUG] env.USERDOMAIN: AzureAD
[DEBUG] env.USERDOMAIN_ROAMINGPROFILE: AzureAD
[DEBUG] env.USERNAME: ArthurLemarc_v4i1hl3
[DEBUG] env.USERPROFILE: C:\Users\ArthurLemarc_v4i1hl3
[DEBUG] env.VSCODE_DEBUGPY_ADAPTER_ENDPOINTS: c:\Users\ArthurLemarc_v4i1hl3\.antigravity\extensions\ms-python.debugpy-2025.14.1-win32-x64\.noConfigDebugAdapterEndpoints\endpoint-04648afae1ce44e2.txt
[DEBUG] env.VSCODE_INJECTION: 1
[DEBUG] env.VSCODE_JDWP_ADAPTER_ENDPOINTS: c:\Users\ArthurLemarc_v4i1hl3\.antigravity\extensions\vscjava.vscode-java-debug-0.58.3-universal\.noConfigDebugAdapterEndpoints\endpoint-04648afae1ce44e2.txt
[DEBUG] env.VSCODE_PYTHON_AUTOACTIVATE_GUARD: 1
[DEBUG] env.WDIR: C:\Users\ArthurLemarc_v4i1hl3\OneDrive - Noveo\Bureau\TSE\Semestre 9\POC\backend
[DEBUG] env.WINDIR: C:\WINDOWS
[DEBUG] env.ZES_ENABLE_SYSMAN: 1
[DEBUG] file.encoding: Cp1252
[DEBUG] file.separator: \
[DEBUG] flyway.version: 10.10.0
[DEBUG] freemarker.version: 2.3.32
[DEBUG] git-commit-id-maven-plugin.version: 8.0.2
[DEBUG] glassfish-jaxb.version: 4.0.5
[DEBUG] glassfish-jstl.version: 3.0.1
[DEBUG] graphql-java.version: 22.0
[DEBUG] groovy.version: 4.0.21
[DEBUG] gson.version: 2.10.1
[DEBUG] h2.version: 2.2.224
[DEBUG] hamcrest.version: 2.2
[DEBUG] hazelcast.version: 5.4.0
[DEBUG] hibernate-validator.version: 8.0.1.Final
[DEBUG] hibernate.version: 6.5.2.Final
[DEBUG] hikaricp.version: 5.1.0
[DEBUG] hsqldb.version: 2.7.2
[DEBUG] htmlunit.version: 2.70.0
[DEBUG] httpasyncclient.version: 4.1.5
[DEBUG] httpclient5.version: 5.3.1
[DEBUG] httpcore.version: 4.4.16
[DEBUG] httpcore5.version: 5.2.4
[DEBUG] infinispan.version: 15.0.4.Final
[DEBUG] influxdb-java.version: 2.24
[DEBUG] jackson-bom.version: 2.17.1
[DEBUG] jakarta-activation.version: 2.1.3
[DEBUG] jakarta-annotation.version: 2.1.1
[DEBUG] jakarta-inject.version: 2.0.1
[DEBUG] jakarta-jms.version: 3.1.0
[DEBUG] jakarta-json-bind.version: 3.0.1
[DEBUG] jakarta-json.version: 2.1.3
[DEBUG] jakarta-mail.version: 2.1.3
[DEBUG] jakarta-management.version: 1.1.4
[DEBUG] jakarta-persistence.version: 3.1.0
[DEBUG] jakarta-servlet-jsp-jstl.version: 3.0.0
[DEBUG] jakarta-servlet.version: 6.0.0
[DEBUG] jakarta-transaction.version: 2.0.1
[DEBUG] jakarta-validation.version: 3.0.2
[DEBUG] jakarta-websocket.version: 2.1.1
[DEBUG] jakarta-ws-rs.version: 3.1.0
[DEBUG] jakarta-xml-bind.version: 4.0.2
[DEBUG] jakarta-xml-soap.version: 3.0.2
[DEBUG] jakarta-xml-ws.version: 4.0.2
[DEBUG] janino.version: 3.1.12
[DEBUG] java.class.path: C:\Users\ArthurLemarc_v4i1hl3\.maven\apache-maven-3.9.5\boot\plexus-classworlds-2.7.0.jar
[DEBUG] java.class.version: 61.0
[DEBUG] java.home: C:\Users\ArthurLemarc_v4i1hl3\.java\jdk-17.0.2
[DEBUG] java.io.tmpdir: C:\Users\ARTHUR~1\AppData\Local\Temp\
[DEBUG] java.library.path: C:\Users\ArthurLemarc_v4i1hl3\.java\jdk-17.0.2\bin;C:\WINDOWS\Sun\Java\bin;C:\WINDOWS\system32;C:\WINDOWS;C:\Users\ArthurLemarc_v4i1hl3\.java\jdk-17.0.2\bin;C:\Users\ArthurLemarc_v4i1hl3\.m2\apache-maven-3.9.9\bin;C:\Users\ArthurLemarc_v4i1hl3\.java\jdk-17.0.2\bin;C:\Users\ArthurLemarc_v4i1hl3\.m2\apache-maven-3.9.9\bin;C:\Users\ArthurLemarc_v4i1hl3\.java\jdk-17.0.2\bin;C:\Users\ArthurLemarc_v4i1hl3\.maven\apache-maven-3.9.5\bin;C:\Users\ArthurLemarc_v4i1hl3\.java\jdk-17.0.2\bin;C:\Users\ArthurLemarc_v4i1hl3\.maven\apache-maven-3.9.5\bin;C:\Program Files\Google\Chrome\Application;C:\WINDOWS\system32;C:\WINDOWS;C:\WINDOWS\System32\Wbem;C:\WINDOWS\System32\WindowsPowerShell\v1.0\;C:\WINDOWS\System32\OpenSSH\;C:\Program Files\dotnet\;C:\Users\ArthurLemarc_v4i1hl3\AppData\Local\Microsoft\WindowsApps;c:\Users\ArthurLemarc_v4i1hl3\.antigravity\extensions\ms-python.debugpy-2025.14.1-win32-x64\bundled\scripts\noConfigScripts;.
[DEBUG] java.runtime.name: OpenJDK Runtime Environment
[DEBUG] java.runtime.version: 17.0.2+8-86
[DEBUG] java.specification.name: Java Platform API Specification
[DEBUG] java.specification.vendor: Oracle Corporation
[DEBUG] java.specification.version: 17
[DEBUG] java.vendor: Oracle Corporation
[DEBUG] java.vendor.url: https://java.oracle.com/
[DEBUG] java.vendor.url.bug: https://bugreport.java.com/bugreport/
[DEBUG] java.version: 17.0.2
[DEBUG] java.version.date: 2022-01-18
[DEBUG] java.vm.compressedOopsMode: Zero based
[DEBUG] java.vm.info: mixed mode, sharing
[DEBUG] java.vm.name: OpenJDK 64-Bit Server VM
[DEBUG] java.vm.specification.name: Java Virtual Machine Specification
[DEBUG] java.vm.specification.vendor: Oracle Corporation
[DEBUG] java.vm.specification.version: 17
[DEBUG] java.vm.vendor: Oracle Corporation
[DEBUG] java.vm.version: 17.0.2+8-86
[DEBUG] javax-cache.version: 1.1.1
[DEBUG] javax-money.version: 1.1
[DEBUG] jaxen.version: 2.0.0
[DEBUG] jaybird.version: 5.0.4.java11
[DEBUG] jboss-logging.version: 3.5.3.Final
[DEBUG] jdk.debug: release
[DEBUG] jdom2.version: 2.0.6.1
[DEBUG] jedis.version: 5.0.2
[DEBUG] jersey.version: 3.1.6
[DEBUG] jetty-reactive-httpclient.version: 4.0.4
[DEBUG] jetty.version: 12.0.9
[DEBUG] jmustache.version: 1.16
[DEBUG] jooq.version: 3.19.8
[DEBUG] json-path.version: 2.9.0
[DEBUG] json-smart.version: 2.5.1
[DEBUG] jsonassert.version: 1.5.1
[DEBUG] jtds.version: 1.3.1
[DEBUG] junit-jupiter.version: 5.10.2
[DEBUG] junit.version: 4.13.2
[DEBUG] kafka.version: 3.7.0
[DEBUG] kotlin-coroutines.version: 1.8.1
[DEBUG] kotlin-serialization.version: 1.6.3
[DEBUG] kotlin.version: 1.9.24
[DEBUG] lettuce.version: 6.3.2.RELEASE
[DEBUG] library.jansi.path: C:\Users\ArthurLemarc_v4i1hl3\.maven\apache-maven-3.9.5\lib\jansi-native
[DEBUG] line.separator: 

[DEBUG] liquibase.version: 4.27.0
[DEBUG] log4j2.version: 2.23.1
[DEBUG] logback.version: 1.5.6
[DEBUG] lombok.version: 1.18.32
[DEBUG] mariadb.version: 3.3.3
[DEBUG] maven-antrun-plugin.version: 3.1.0
[DEBUG] maven-assembly-plugin.version: 3.7.1
[DEBUG] maven-clean-plugin.version: 3.3.2
[DEBUG] maven-compiler-plugin.version: 3.13.0
[DEBUG] maven-dependency-plugin.version: 3.6.1
[DEBUG] maven-deploy-plugin.version: 3.1.2
[DEBUG] maven-enforcer-plugin.version: 3.4.1
[DEBUG] maven-failsafe-plugin.version: 3.2.5
[DEBUG] maven-help-plugin.version: 3.4.0
[DEBUG] maven-install-plugin.version: 3.1.2
[DEBUG] maven-invoker-plugin.version: 3.6.1
[DEBUG] maven-jar-plugin.version: 3.4.1
[DEBUG] maven-javadoc-plugin.version: 3.6.3
[DEBUG] maven-resources-plugin.version: 3.3.1
[DEBUG] maven-shade-plugin.version: 3.5.3
[DEBUG] maven-source-plugin.version: 3.3.1
[DEBUG] maven-surefire-plugin.version: 3.2.5
[DEBUG] maven-war-plugin.version: 3.4.0
[DEBUG] maven.build.timestamp: 2025-11-21T21:23:03Z
[DEBUG] maven.build.version: Apache Maven 3.9.5 (57804ffe001d7215b5e7bcb531cf83df38f93546)
[DEBUG] maven.compiler.release: 17
[DEBUG] maven.conf: C:\Users\ArthurLemarc_v4i1hl3\.maven\apache-maven-3.9.5/conf
[DEBUG] maven.home: C:\Users\ArthurLemarc_v4i1hl3\.maven\apache-maven-3.9.5
[DEBUG] maven.multiModuleProjectDirectory: C:\Users\ArthurLemarc_v4i1hl3\OneDrive - Noveo\Bureau\TSE\Semestre 9\POC\backend
[DEBUG] maven.version: 3.9.5
[DEBUG] micrometer-tracing.version: 1.3.0
[DEBUG] micrometer.version: 1.13.0
[DEBUG] mockito.version: 5.11.0
[DEBUG] mongodb.version: 5.0.1
[DEBUG] mssql-jdbc.version: 12.6.1.jre11
[DEBUG] mysql.version: 8.3.0
[DEBUG] native-build-tools-plugin.version: 0.10.2
[DEBUG] native.encoding: Cp1252
[DEBUG] nekohtml.version: 1.9.22
[DEBUG] neo4j-java-driver.version: 5.20.0
[DEBUG] netty.version: 4.1.110.Final
[DEBUG] okhttp.version: 4.12.0
[DEBUG] opentelemetry.version: 1.37.0
[DEBUG] oracle-database.version: 21.9.0.0
[DEBUG] oracle-r2dbc.version: 1.2.0
[DEBUG] os.arch: amd64
[DEBUG] os.name: Windows 11
[DEBUG] os.version: 10.0
[DEBUG] path.separator: ;
[DEBUG] pooled-jms.version: 3.1.6
[DEBUG] postgresql.version: 42.7.3
[DEBUG] project.baseUri: file:/C:/Users/ArthurLemarc_v4i1hl3/OneDrive%20-%20Noveo/Bureau/TSE/Semestre%209/POC/backend/
[DEBUG] project.build.sourceEncoding: UTF-8
[DEBUG] project.reporting.outputEncoding: UTF-8
[DEBUG] prometheus-client.version: 1.2.1
[DEBUG] prometheus-simpleclient.version: 0.16.0
[DEBUG] pulsar-reactive.version: 0.5.5
[DEBUG] pulsar.version: 3.2.3
[DEBUG] quartz.version: 2.3.2
[DEBUG] querydsl.version: 5.1.0
[DEBUG] r2dbc-h2.version: 1.0.0.RELEASE
[DEBUG] r2dbc-mariadb.version: 1.2.0
[DEBUG] r2dbc-mssql.version: 1.0.2.RELEASE
[DEBUG] r2dbc-mysql.version: 1.1.3
[DEBUG] r2dbc-pool.version: 1.0.1.RELEASE
[DEBUG] r2dbc-postgresql.version: 1.0.5.RELEASE
[DEBUG] r2dbc-proxy.version: 1.1.5.RELEASE
[DEBUG] r2dbc-spi.version: 1.0.0.RELEASE
[DEBUG] rabbit-amqp-client.version: 5.21.0
[DEBUG] rabbit-stream-client.version: 0.15.0
[DEBUG] reactive-streams.version: 1.0.4
[DEBUG] reactor-bom.version: 2023.0.6
[DEBUG] resource.delimiter: @
[DEBUG] rest-assured.version: 5.4.0
[DEBUG] rsocket.version: 1.1.3
[DEBUG] rxjava3.version: 3.1.8
[DEBUG] saaj-impl.version: 3.0.4
[DEBUG] selenium-htmlunit.version: 4.13.0
[DEBUG] selenium.version: 4.19.1
[DEBUG] sendgrid.version: 4.10.2
[DEBUG] slf4j.version: 2.0.13
[DEBUG] snakeyaml.version: 2.2
[DEBUG] spring-amqp.version: 3.1.5
[DEBUG] spring-authorization-server.version: 1.3.0
[DEBUG] spring-batch.version: 5.1.2
[DEBUG] spring-boot.run.main-class: ${start-class}
[DEBUG] spring-data-bom.version: 2024.0.0
[DEBUG] spring-framework.version: 6.1.8
[DEBUG] spring-graphql.version: 1.3.0
[DEBUG] spring-hateoas.version: 2.3.0
[DEBUG] spring-integration.version: 6.3.0
[DEBUG] spring-kafka.version: 3.2.0
[DEBUG] spring-ldap.version: 3.2.3
[DEBUG] spring-pulsar.version: 1.1.0
[DEBUG] spring-restdocs.version: 3.0.1
[DEBUG] spring-retry.version: 2.0.6
[DEBUG] spring-security.version: 6.3.0
[DEBUG] spring-session.version: 3.3.0
[DEBUG] spring-ws.version: 4.0.11
[DEBUG] sqlite-jdbc.version: 3.45.3.0
[DEBUG] sun.arch.data.model: 64
[DEBUG] sun.boot.library.path: C:\Users\ArthurLemarc_v4i1hl3\.java\jdk-17.0.2\bin
[DEBUG] sun.cpu.endian: little
[DEBUG] sun.cpu.isalist: amd64
[DEBUG] sun.io.unicode.encoding: UnicodeLittle
[DEBUG] sun.java.command: org.codehaus.plexus.classworlds.launcher.Launcher -e -X spring-boot:run
[DEBUG] sun.java.launcher: SUN_STANDARD
[DEBUG] sun.jnu.encoding: Cp1252
[DEBUG] sun.management.compiler: HotSpot 64-Bit Tiered Compilers
[DEBUG] sun.os.patch.level: 
[DEBUG] testcontainers.version: 1.19.8
[DEBUG] thymeleaf-extras-data-attribute.version: 2.0.1
[DEBUG] thymeleaf-extras-springsecurity.version: 3.1.2.RELEASE
[DEBUG] thymeleaf-layout-dialect.version: 3.3.0
[DEBUG] thymeleaf.version: 3.1.2.RELEASE
[DEBUG] tomcat.version: 10.1.24
[DEBUG] unboundid-ldapsdk.version: 6.0.11
[DEBUG] undertow.version: 2.3.13.Final
[DEBUG] user.country: FR
[DEBUG] user.dir: C:\Users\ArthurLemarc_v4i1hl3\OneDrive - Noveo\Bureau\TSE\Semestre 9\POC\backend
[DEBUG] user.home: C:\Users\ArthurLemarc_v4i1hl3
[DEBUG] user.language: fr
[DEBUG] user.name: ArthurLemarc_v4i1hl3
[DEBUG] user.script: 
[DEBUG] user.variant: 
[DEBUG] versions-maven-plugin.version: 2.16.2
[DEBUG] webjars-locator-core.version: 0.58
[DEBUG] wsdl4j.version: 1.6.3
[DEBUG] xml-maven-plugin.version: 1.1.0
[DEBUG] xmlunit2.version: 2.9.1
[DEBUG] yasson.version: 3.0.3
[DEBUG] zipkin-reporter.version: 3.4.0
[DEBUG] Using 'UTF-8' encoding to copy filtered resources.
[DEBUG] Using 'UTF-8' encoding to copy filtered properties files.
[DEBUG] resource with targetPath null
directory C:\Users\ArthurLemarc_v4i1hl3\OneDrive - Noveo\Bureau\TSE\Semestre 9\POC\backend\src\main\resources
excludes []
includes [**/application*.yml, **/application*.yaml, **/application*.properties]
[DEBUG] ignoreDelta true
[INFO] Copying 1 resource from src\main\resources to target\classes
[DEBUG] Copying file application.properties
[DEBUG] file application.properties has a filtered file extension
[DEBUG] Using 'UTF-8' encoding to copy filtered resource 'application.properties'.
[DEBUG] filtering C:\Users\ArthurLemarc_v4i1hl3\OneDrive - Noveo\Bureau\TSE\Semestre 9\POC\backend\src\main\resources\application.properties to C:\Users\ArthurLemarc_v4i1hl3\OneDrive - Noveo\Bureau\TSE\Semestre 9\POC\backend\target\classes\application.properties
[DEBUG] resource with targetPath null
directory C:\Users\ArthurLemarc_v4i1hl3\OneDrive - Noveo\Bureau\TSE\Semestre 9\POC\backend\src\main\resources
excludes [**/application*.yml, **/application*.yaml, **/application*.properties]
includes []
[DEBUG] ignoreDelta true
[INFO] Copying 0 resource from src\main\resources to target\classes
[DEBUG] no user filter components
[INFO] 
[INFO] --- compiler:3.13.0:compile (default-compile) @ backend ---
[DEBUG] Dependency collection stats {ConflictMarker.analyzeTime=106500, ConflictMarker.markTime=123700, ConflictMarker.nodeCount=22, ConflictIdSorter.graphTime=46600, ConflictIdSorter.topsortTime=51800, ConflictIdSorter.conflictIdCount=14, ConflictIdSorter.conflictIdCycleCount=0, ConflictResolver.totalTime=566600, ConflictResolver.conflictItemCount=22, DfDependencyCollector.collectTime=86296700, DfDependencyCollector.transformTime=935500}
[DEBUG] org.apache.maven.plugins:maven-compiler-plugin:jar:3.13.0
[DEBUG]    org.apache.maven.shared:maven-shared-utils:jar:3.4.2:compile
[DEBUG]       org.slf4j:slf4j-api:jar:1.7.36:compile
[DEBUG]       commons-io:commons-io:jar:2.11.0:compile
[DEBUG]    org.apache.maven.shared:maven-shared-incremental:jar:1.1:compile
[DEBUG]    org.codehaus.plexus:plexus-java:jar:1.2.0:compile
[DEBUG]       org.ow2.asm:asm:jar:9.6:compile
[DEBUG]       com.thoughtworks.qdox:qdox:jar:2.0.3:compile
[DEBUG]    org.codehaus.plexus:plexus-compiler-api:jar:2.15.0:compile
[DEBUG]    org.codehaus.plexus:plexus-compiler-manager:jar:2.15.0:compile
[DEBUG]       javax.inject:javax.inject:jar:1:compile
[DEBUG]       org.codehaus.plexus:plexus-xml:jar:3.0.0:compile (version managed from default)
[DEBUG]    org.codehaus.plexus:plexus-compiler-javac:jar:2.15.0:runtime
[DEBUG]    org.codehaus.plexus:plexus-utils:jar:4.0.0:compile
[DEBUG] Created new class realm plugin>org.apache.maven.plugins:maven-compiler-plugin:3.13.0
[DEBUG] Importing foreign packages into class realm plugin>org.apache.maven.plugins:maven-compiler-plugin:3.13.0
[DEBUG]   Imported:  < maven.api
[DEBUG] Populating class realm plugin>org.apache.maven.plugins:maven-compiler-plugin:3.13.0
[DEBUG]   Included: org.apache.maven.plugins:maven-compiler-plugin:jar:3.13.0
[DEBUG]   Included: org.apache.maven.shared:maven-shared-utils:jar:3.4.2
[DEBUG]   Included: commons-io:commons-io:jar:2.11.0
[DEBUG]   Included: org.apache.maven.shared:maven-shared-incremental:jar:1.1
[DEBUG]   Included: org.codehaus.plexus:plexus-java:jar:1.2.0
[DEBUG]   Included: org.ow2.asm:asm:jar:9.6
[DEBUG]   Included: com.thoughtworks.qdox:qdox:jar:2.0.3
[DEBUG]   Included: org.codehaus.plexus:plexus-compiler-api:jar:2.15.0
[DEBUG]   Included: org.codehaus.plexus:plexus-compiler-manager:jar:2.15.0
[DEBUG]   Included: org.codehaus.plexus:plexus-xml:jar:3.0.0
[DEBUG]   Included: org.codehaus.plexus:plexus-compiler-javac:jar:2.15.0
[DEBUG]   Included: org.codehaus.plexus:plexus-utils:jar:4.0.0
[DEBUG] Loading mojo org.apache.maven.plugins:maven-compiler-plugin:3.13.0:compile from plugin realm ClassRealm[plugin>org.apache.maven.plugins:maven-compiler-plugin:3.13.0, parent: jdk.internal.loader.ClassLoaders$AppClassLoader@73d16e93]
[DEBUG] Configuring mojo execution 'org.apache.maven.plugins:maven-compiler-plugin:3.13.0:compile:default-compile' with basic configurator -->
[DEBUG]   (f) annotationProcessorPathsUseDepMgmt = false
[DEBUG]   (f) basedir = C:\Users\ArthurLemarc_v4i1hl3\OneDrive - Noveo\Bureau\TSE\Semestre 9\POC\backend
[DEBUG]   (f) buildDirectory = C:\Users\ArthurLemarc_v4i1hl3\OneDrive - Noveo\Bureau\TSE\Semestre 9\POC\backend\target
[DEBUG]   (f) compilePath = [C:\Users\ArthurLemarc_v4i1hl3\OneDrive - Noveo\Bureau\TSE\Semestre 9\POC\backend\target\classes, C:\Users\ArthurLemarc_v4i1hl3\.m2\repository\org\springframework\boot\spring-boot-starter-web\3.3.0\spring-boot-starter-web-3.3.0.jar, C:\Users\ArthurLemarc_v4i1hl3\.m2\repository\org\springframework\boot\spring-boot-starter\3.3.0\spring-boot-starter-3.3.0.jar, C:\Users\ArthurLemarc_v4i1hl3\.m2\repository\org\springframework\boot\spring-boot-starter-logging\3.3.0\spring-boot-starter-logging-3.3.0.jar, C:\Users\ArthurLemarc_v4i1hl3\.m2\repository\ch\qos\logback\logback-classic\1.5.6\logback-classic-1.5.6.jar, C:\Users\ArthurLemarc_v4i1hl3\.m2\repository\ch\qos\logback\logback-core\1.5.6\logback-core-1.5.6.jar, C:\Users\ArthurLemarc_v4i1hl3\.m2\repository\org\apache\logging\log4j\log4j-to-slf4j\2.23.1\log4j-to-slf4j-2.23.1.jar, C:\Users\ArthurLemarc_v4i1hl3\.m2\repository\org\slf4j\jul-to-slf4j\2.0.13\jul-to-slf4j-2.0.13.jar, C:\Users\ArthurLemarc_v4i1hl3\.m2\repository\jakarta\annotation\jakarta.annotation-api\2.1.1\jakarta.annotation-api-2.1.1.jar, C:\Users\ArthurLemarc_v4i1hl3\.m2\repository\org\yaml\snakeyaml\2.2\snakeyaml-2.2.jar, C:\Users\ArthurLemarc_v4i1hl3\.m2\repository\org\springframework\boot\spring-boot-starter-json\3.3.0\spring-boot-starter-json-3.3.0.jar, C:\Users\ArthurLemarc_v4i1hl3\.m2\repository\com\fasterxml\jackson\datatype\jackson-datatype-jdk8\2.17.1\jackson-datatype-jdk8-2.17.1.jar, C:\Users\ArthurLemarc_v4i1hl3\.m2\repository\com\fasterxml\jackson\datatype\jackson-datatype-jsr310\2.17.1\jackson-datatype-jsr310-2.17.1.jar, C:\Users\ArthurLemarc_v4i1hl3\.m2\repository\com\fasterxml\jackson\module\jackson-module-parameter-names\2.17.1\jackson-module-parameter-names-2.17.1.jar, C:\Users\ArthurLemarc_v4i1hl3\.m2\repository\org\springframework\boot\spring-boot-starter-tomcat\3.3.0\spring-boot-starter-tomcat-3.3.0.jar, C:\Users\ArthurLemarc_v4i1hl3\.m2\repository\org\apache\tomcat\embed\tomcat-embed-core\10.1.24\tomcat-embed-core-10.1.24.jar, C:\Users\ArthurLemarc_v4i1hl3\.m2\repository\org\apache\tomcat\embed\tomcat-embed-el\10.1.24\tomcat-embed-el-10.1.24.jar, C:\Users\ArthurLemarc_v4i1hl3\.m2\repository\org\apache\tomcat\embed\tomcat-embed-websocket\10.1.24\tomcat-embed-websocket-10.1.24.jar, C:\Users\ArthurLemarc_v4i1hl3\.m2\repository\org\springframework\spring-web\6.1.8\spring-web-6.1.8.jar, C:\Users\ArthurLemarc_v4i1hl3\.m2\repository\org\springframework\spring-beans\6.1.8\spring-beans-6.1.8.jar, C:\Users\ArthurLemarc_v4i1hl3\.m2\repository\io\micrometer\micrometer-observation\1.13.0\micrometer-observation-1.13.0.jar, C:\Users\ArthurLemarc_v4i1hl3\.m2\repository\io\micrometer\micrometer-commons\1.13.0\micrometer-commons-1.13.0.jar, C:\Users\ArthurLemarc_v4i1hl3\.m2\repository\org\springframework\spring-webmvc\6.1.8\spring-webmvc-6.1.8.jar, C:\Users\ArthurLemarc_v4i1hl3\.m2\repository\org\springframework\spring-context\6.1.8\spring-context-6.1.8.jar, C:\Users\ArthurLemarc_v4i1hl3\.m2\repository\org\springframework\spring-expression\6.1.8\spring-expression-6.1.8.jar, C:\Users\ArthurLemarc_v4i1hl3\.m2\repository\org\springframework\boot\spring-boot-starter-data-jpa\3.3.0\spring-boot-starter-data-jpa-3.3.0.jar, C:\Users\ArthurLemarc_v4i1hl3\.m2\repository\org\springframework\boot\spring-boot-starter-aop\3.3.0\spring-boot-starter-aop-3.3.0.jar, C:\Users\ArthurLemarc_v4i1hl3\.m2\repository\org\aspectj\aspectjweaver\1.9.22\aspectjweaver-1.9.22.jar, C:\Users\ArthurLemarc_v4i1hl3\.m2\repository\org\springframework\boot\spring-boot-starter-jdbc\3.3.0\spring-boot-starter-jdbc-3.3.0.jar, C:\Users\ArthurLemarc_v4i1hl3\.m2\repository\com\zaxxer\HikariCP\5.1.0\HikariCP-5.1.0.jar, C:\Users\ArthurLemarc_v4i1hl3\.m2\repository\org\springframework\spring-jdbc\6.1.8\spring-jdbc-6.1.8.jar, C:\Users\ArthurLemarc_v4i1hl3\.m2\repository\org\hibernate\orm\hibernate-core\6.5.2.Final\hibernate-core-6.5.2.Final.jar, C:\Users\ArthurLemarc_v4i1hl3\.m2\repository\jakarta\persistence\jakarta.persistence-api\3.1.0\jakarta.persistence-api-3.1.0.jar, C:\Users\ArthurLemarc_v4i1hl3\.m2\repository\jakarta\transaction\jakarta.transaction-api\2.0.1\jakarta.transaction-api-2.0.1.jar, C:\Users\ArthurLemarc_v4i1hl3\.m2\repository\org\antlr\antlr4-runtime\4.13.0\antlr4-runtime-4.13.0.jar, C:\Users\ArthurLemarc_v4i1hl3\.m2\repository\org\springframework\data\spring-data-jpa\3.3.0\spring-data-jpa-3.3.0.jar, C:\Users\ArthurLemarc_v4i1hl3\.m2\repository\org\springframework\data\spring-data-commons\3.3.0\spring-data-commons-3.3.0.jar, C:\Users\ArthurLemarc_v4i1hl3\.m2\repository\org\springframework\spring-orm\6.1.8\spring-orm-6.1.8.jar, C:\Users\ArthurLemarc_v4i1hl3\.m2\repository\org\springframework\spring-tx\6.1.8\spring-tx-6.1.8.jar, C:\Users\ArthurLemarc_v4i1hl3\.m2\repository\org\slf4j\slf4j-api\2.0.13\slf4j-api-2.0.13.jar, C:\Users\ArthurLemarc_v4i1hl3\.m2\repository\org\springframework\spring-aspects\6.1.8\spring-aspects-6.1.8.jar, C:\Users\ArthurLemarc_v4i1hl3\.m2\repository\org\projectlombok\lombok\1.18.32\lombok-1.18.32.jar, C:\Users\ArthurLemarc_v4i1hl3\.m2\repository\org\springframework\boot\spring-boot\3.3.0\spring-boot-3.3.0.jar, C:\Users\ArthurLemarc_v4i1hl3\.m2\repository\org\springframework\boot\spring-boot-autoconfigure\3.3.0\spring-boot-autoconfigure-3.3.0.jar, C:\Users\ArthurLemarc_v4i1hl3\.m2\repository\com\opencsv\opencsv\5.7.1\opencsv-5.7.1.jar, C:\Users\ArthurLemarc_v4i1hl3\.m2\repository\org\apache\commons\commons-lang3\3.14.0\commons-lang3-3.14.0.jar, C:\Users\ArthurLemarc_v4i1hl3\.m2\repository\org\apache\commons\commons-text\1.10.0\commons-text-1.10.0.jar, C:\Users\ArthurLemarc_v4i1hl3\.m2\repository\commons-beanutils\commons-beanutils\1.9.4\commons-beanutils-1.9.4.jar, C:\Users\ArthurLemarc_v4i1hl3\.m2\repository\commons-logging\commons-logging\1.2\commons-logging-1.2.jar, C:\Users\ArthurLemarc_v4i1hl3\.m2\repository\commons-collections\commons-collections\3.2.2\commons-collections-3.2.2.jar, C:\Users\ArthurLemarc_v4i1hl3\.m2\repository\org\apache\commons\commons-collections4\4.4\commons-collections4-4.4.jar, C:\Users\ArthurLemarc_v4i1hl3\.m2\repository\org\apache\poi\poi-ooxml\5.2.3\poi-ooxml-5.2.3.jar, C:\Users\ArthurLemarc_v4i1hl3\.m2\repository\org\apache\poi\poi\5.2.3\poi-5.2.3.jar, C:\Users\ArthurLemarc_v4i1hl3\.m2\repository\commons-codec\commons-codec\1.16.1\commons-codec-1.16.1.jar, C:\Users\ArthurLemarc_v4i1hl3\.m2\repository\org\apache\commons\commons-math3\3.6.1\commons-math3-3.6.1.jar, C:\Users\ArthurLemarc_v4i1hl3\.m2\repository\com\zaxxer\SparseBitSet\1.2\SparseBitSet-1.2.jar, C:\Users\ArthurLemarc_v4i1hl3\.m2\repository\org\apache\poi\poi-ooxml-lite\5.2.3\poi-ooxml-lite-5.2.3.jar, C:\Users\ArthurLemarc_v4i1hl3\.m2\repository\org\apache\xmlbeans\xmlbeans\5.1.1\xmlbeans-5.1.1.jar, C:\Users\ArthurLemarc_v4i1hl3\.m2\repository\org\apache\commons\commons-compress\1.21\commons-compress-1.21.jar, C:\Users\ArthurLemarc_v4i1hl3\.m2\repository\commons-io\commons-io\2.11.0\commons-io-2.11.0.jar, C:\Users\ArthurLemarc_v4i1hl3\.m2\repository\com\github\virtuald\curvesapi\1.07\curvesapi-1.07.jar, C:\Users\ArthurLemarc_v4i1hl3\.m2\repository\org\apache\logging\log4j\log4j-api\2.23.1\log4j-api-2.23.1.jar, C:\Users\ArthurLemarc_v4i1hl3\.m2\repository\org\springframework\spring-core\6.1.8\spring-core-6.1.8.jar, C:\Users\ArthurLemarc_v4i1hl3\.m2\repository\org\springframework\spring-jcl\6.1.8\spring-jcl-6.1.8.jar, C:\Users\ArthurLemarc_v4i1hl3\.m2\repository\org\springframework\boot\spring-boot-starter-security\3.3.0\spring-boot-starter-security-3.3.0.jar, C:\Users\ArthurLemarc_v4i1hl3\.m2\repository\org\springframework\spring-aop\6.1.8\spring-aop-6.1.8.jar, C:\Users\ArthurLemarc_v4i1hl3\.m2\repository\org\springframework\security\spring-security-config\6.3.0\spring-security-config-6.3.0.jar, C:\Users\ArthurLemarc_v4i1hl3\.m2\repository\org\springframework\security\spring-security-core\6.3.0\spring-security-core-6.3.0.jar, C:\Users\ArthurLemarc_v4i1hl3\.m2\repository\org\springframework\security\spring-security-crypto\6.3.0\spring-security-crypto-6.3.0.jar, C:\Users\ArthurLemarc_v4i1hl3\.m2\repository\org\springframework\security\spring-security-web\6.3.0\spring-security-web-6.3.0.jar, C:\Users\ArthurLemarc_v4i1hl3\.m2\repository\io\jsonwebtoken\jjwt-api\0.11.5\jjwt-api-0.11.5.jar, C:\Users\ArthurLemarc_v4i1hl3\.m2\repository\com\fasterxml\jackson\core\jackson-databind\2.17.1\jackson-databind-2.17.1.jar, C:\Users\ArthurLemarc_v4i1hl3\.m2\repository\com\fasterxml\jackson\core\jackson-annotations\2.17.1\jackson-annotations-2.17.1.jar, C:\Users\ArthurLemarc_v4i1hl3\.m2\repository\com\fasterxml\jackson\core\jackson-core\2.17.1\jackson-core-2.17.1.jar, C:\Users\ArthurLemarc_v4i1hl3\.m2\repository\com\github\librepdf\openpdf\1.3.30\openpdf-1.3.30.jar, C:\Users\ArthurLemarc_v4i1hl3\.m2\repository\com\google\code\findbugs\jsr305\3.0.2\jsr305-3.0.2.jar]
[DEBUG]   (f) compileSourceRoots = [C:\Users\ArthurLemarc_v4i1hl3\OneDrive - Noveo\Bureau\TSE\Semestre 9\POC\backend\src\main\java]
[DEBUG]   (f) compilerId = javac
[DEBUG]   (f) createMissingPackageInfoClass = true
[DEBUG]   (f) debug = true
[DEBUG]   (f) debugFileName = javac
[DEBUG]   (f) enablePreview = false
[DEBUG]   (f) encoding = UTF-8
[DEBUG]   (f) failOnError = true
[DEBUG]   (f) failOnWarning = false
[DEBUG]   (f) fileExtensions = [jar, class]
[DEBUG]   (f) forceJavacCompilerUse = false
[DEBUG]   (f) forceLegacyJavacApi = false
[DEBUG]   (f) fork = false
[DEBUG]   (f) generatedSourcesDirectory = C:\Users\ArthurLemarc_v4i1hl3\OneDrive - Noveo\Bureau\TSE\Semestre 9\POC\backend\target\generated-sources\annotations
[DEBUG]   (f) mojoExecution = org.apache.maven.plugins:maven-compiler-plugin:3.13.0:compile {execution: default-compile}
[DEBUG]   (f) optimize = false
[DEBUG]   (f) outputDirectory = C:\Users\ArthurLemarc_v4i1hl3\OneDrive - Noveo\Bureau\TSE\Semestre 9\POC\backend\target\classes
[DEBUG]   (f) parameters = true
[DEBUG]   (f) project = MavenProject: com.poc:backend:0.0.1-SNAPSHOT @ C:\Users\ArthurLemarc_v4i1hl3\OneDrive - Noveo\Bureau\TSE\Semestre 9\POC\backend\pom.xml
[DEBUG]   (f) projectArtifact = com.poc:backend:jar:0.0.1-SNAPSHOT
[DEBUG]   (s) release = 17
[DEBUG]   (f) session = org.apache.maven.execution.MavenSession@1afd72ef
[DEBUG]   (f) showCompilationChanges = false
[DEBUG]   (f) showDeprecation = false
[DEBUG]   (f) showWarnings = true
[DEBUG]   (f) skipMultiThreadWarning = false
[DEBUG]   (f) source = 1.8
[DEBUG]   (f) staleMillis = 0
[DEBUG]   (s) target = 1.8
[DEBUG]   (f) useIncrementalCompilation = true
[DEBUG]   (f) verbose = false
[DEBUG] -- end configuration --
[DEBUG] Using compiler 'javac'.
[DEBUG] Adding C:\Users\ArthurLemarc_v4i1hl3\OneDrive - Noveo\Bureau\TSE\Semestre 9\POC\backend\target\generated-sources\annotations to compile source roots:
  C:\Users\ArthurLemarc_v4i1hl3\OneDrive - Noveo\Bureau\TSE\Semestre 9\POC\backend\src\main\java
[DEBUG] New compile source roots:
  C:\Users\ArthurLemarc_v4i1hl3\OneDrive - Noveo\Bureau\TSE\Semestre 9\POC\backend\src\main\java
  C:\Users\ArthurLemarc_v4i1hl3\OneDrive - Noveo\Bureau\TSE\Semestre 9\POC\backend\target\generated-sources\annotations
[DEBUG] CompilerReuseStrategy: reuseCreated
[DEBUG] useIncrementalCompilation enabled
[INFO] 	Stale source detected: C:\Users\ArthurLemarc_v4i1hl3\OneDrive - Noveo\Bureau\TSE\Semestre 9\POC\backend\src\main\java\poc\controller\AuthController.java
[INFO] 	Stale source detected: C:\Users\ArthurLemarc_v4i1hl3\OneDrive - Noveo\Bureau\TSE\Semestre 9\POC\backend\src\main\java\poc\repository\ActiviteRepository.java
[INFO] 	Stale source detected: C:\Users\ArthurLemarc_v4i1hl3\OneDrive - Noveo\Bureau\TSE\Semestre 9\POC\backend\src\main\java\poc\repository\EtudiantRepository.java
[INFO] 	Stale source detected: C:\Users\ArthurLemarc_v4i1hl3\OneDrive - Noveo\Bureau\TSE\Semestre 9\POC\backend\src\main\java\poc\service\VoeuService.java
[INFO] 	Stale source detected: C:\Users\ArthurLemarc_v4i1hl3\OneDrive - Noveo\Bureau\TSE\Semestre 9\POC\backend\src\main\java\poc\config\SecurityConfig.java
[INFO] 	Stale source detected: C:\Users\ArthurLemarc_v4i1hl3\OneDrive - Noveo\Bureau\TSE\Semestre 9\POC\backend\src\main\java\poc\dto\LoginRequest.java
[INFO] 	Stale source detected: C:\Users\ArthurLemarc_v4i1hl3\OneDrive - Noveo\Bureau\TSE\Semestre 9\POC\backend\src\main\java\poc\service\StatisticsService.java
[INFO] 	Stale source detected: C:\Users\ArthurLemarc_v4i1hl3\OneDrive - Noveo\Bureau\TSE\Semestre 9\POC\backend\src\main\java\poc\model\TypeActivite.java
[INFO] 	Stale source detected: C:\Users\ArthurLemarc_v4i1hl3\OneDrive - Noveo\Bureau\TSE\Semestre 9\POC\backend\src\main\java\poc\service\AssignmentService.java
[INFO] 	Stale source detected: C:\Users\ArthurLemarc_v4i1hl3\OneDrive - Noveo\Bureau\TSE\Semestre 9\POC\backend\src\main\java\poc\config\DataInitializer.java
[INFO] 	Stale source detected: C:\Users\ArthurLemarc_v4i1hl3\OneDrive - Noveo\Bureau\TSE\Semestre 9\POC\backend\src\main\java\poc\model\Affectation.java
[INFO] 	Stale source detected: C:\Users\ArthurLemarc_v4i1hl3\OneDrive - Noveo\Bureau\TSE\Semestre 9\POC\backend\src\main\java\poc\config\StudentInitializer.java
[INFO] 	Stale source detected: C:\Users\ArthurLemarc_v4i1hl3\OneDrive - Noveo\Bureau\TSE\Semestre 9\POC\backend\src\main\java\poc\controller\AdminController.java
[INFO] 	Stale source detected: C:\Users\ArthurLemarc_v4i1hl3\OneDrive - Noveo\Bureau\TSE\Semestre 9\POC\backend\src\main\java\poc\model\Voeu.java
[INFO] 	Stale source detected: C:\Users\ArthurLemarc_v4i1hl3\OneDrive - Noveo\Bureau\TSE\Semestre 9\POC\backend\src\main\java\poc\security\JwtUtils.java
[INFO] 	Stale source detected: C:\Users\ArthurLemarc_v4i1hl3\OneDrive - Noveo\Bureau\TSE\Semestre 9\POC\backend\src\main\java\poc\model\Etudiant.java
[INFO] 	Stale source detected: C:\Users\ArthurLemarc_v4i1hl3\OneDrive - Noveo\Bureau\TSE\Semestre 9\POC\backend\src\main\java\poc\controller\VoeuController.java
[INFO] 	Stale source detected: C:\Users\ArthurLemarc_v4i1hl3\OneDrive - Noveo\Bureau\TSE\Semestre 9\POC\backend\src\main\java\poc\model\Lycee.java
[INFO] 	Stale source detected: C:\Users\ArthurLemarc_v4i1hl3\OneDrive - Noveo\Bureau\TSE\Semestre 9\POC\backend\src\main\java\poc\model\Activite.java
[INFO] 	Stale source detected: C:\Users\ArthurLemarc_v4i1hl3\OneDrive - Noveo\Bureau\TSE\Semestre 9\POC\backend\src\main\java\poc\security\AuthTokenFilter.java
[INFO] 	Stale source detected: C:\Users\ArthurLemarc_v4i1hl3\OneDrive - Noveo\Bureau\TSE\Semestre 9\POC\backend\src\main\java\poc\dto\AuthResponse.java
[INFO] 	Stale source detected: C:\Users\ArthurLemarc_v4i1hl3\OneDrive - Noveo\Bureau\TSE\Semestre 9\POC\backend\src\main\java\poc\service\CsvImportService.java
[INFO] 	Stale source detected: C:\Users\ArthurLemarc_v4i1hl3\OneDrive - Noveo\Bureau\TSE\Semestre 9\POC\backend\src\main\java\poc\PocApplication.java
[INFO] 	Stale source detected: C:\Users\ArthurLemarc_v4i1hl3\OneDrive - Noveo\Bureau\TSE\Semestre 9\POC\backend\src\main\java\poc\repository\LyceeRepository.java
[INFO] 	Stale source detected: C:\Users\ArthurLemarc_v4i1hl3\OneDrive - Noveo\Bureau\TSE\Semestre 9\POC\backend\src\main\java\poc\repository\AffectationRepository.java
[INFO] 	Stale source detected: C:\Users\ArthurLemarc_v4i1hl3\OneDrive - Noveo\Bureau\TSE\Semestre 9\POC\backend\src\main\java\poc\service\PdfService.java
[INFO] 	Stale source detected: C:\Users\ArthurLemarc_v4i1hl3\OneDrive - Noveo\Bureau\TSE\Semestre 9\POC\backend\src\main\java\poc\repository\VoeuRepository.java
[INFO] 	Stale source detected: C:\Users\ArthurLemarc_v4i1hl3\OneDrive - Noveo\Bureau\TSE\Semestre 9\POC\backend\src\main\java\poc\controller\ReferenceController.java
[INFO] Recompiling the module because of changed source code.
[DEBUG] Classpath:
[DEBUG]  C:\Users\ArthurLemarc_v4i1hl3\OneDrive - Noveo\Bureau\TSE\Semestre 9\POC\backend\target\classes
[DEBUG]  C:\Users\ArthurLemarc_v4i1hl3\.m2\repository\org\springframework\boot\spring-boot-starter-web\3.3.0\spring-boot-starter-web-3.3.0.jar
[DEBUG]  C:\Users\ArthurLemarc_v4i1hl3\.m2\repository\org\springframework\boot\spring-boot-starter\3.3.0\spring-boot-starter-3.3.0.jar
[DEBUG]  C:\Users\ArthurLemarc_v4i1hl3\.m2\repository\org\springframework\boot\spring-boot-starter-logging\3.3.0\spring-boot-starter-logging-3.3.0.jar
[DEBUG]  C:\Users\ArthurLemarc_v4i1hl3\.m2\repository\ch\qos\logback\logback-classic\1.5.6\logback-classic-1.5.6.jar
[DEBUG]  C:\Users\ArthurLemarc_v4i1hl3\.m2\repository\ch\qos\logback\logback-core\1.5.6\logback-core-1.5.6.jar
[DEBUG]  C:\Users\ArthurLemarc_v4i1hl3\.m2\repository\org\apache\logging\log4j\log4j-to-slf4j\2.23.1\log4j-to-slf4j-2.23.1.jar
[DEBUG]  C:\Users\ArthurLemarc_v4i1hl3\.m2\repository\org\slf4j\jul-to-slf4j\2.0.13\jul-to-slf4j-2.0.13.jar
[DEBUG]  C:\Users\ArthurLemarc_v4i1hl3\.m2\repository\jakarta\annotation\jakarta.annotation-api\2.1.1\jakarta.annotation-api-2.1.1.jar
[DEBUG]  C:\Users\ArthurLemarc_v4i1hl3\.m2\repository\org\yaml\snakeyaml\2.2\snakeyaml-2.2.jar
[DEBUG]  C:\Users\ArthurLemarc_v4i1hl3\.m2\repository\org\springframework\boot\spring-boot-starter-json\3.3.0\spring-boot-starter-json-3.3.0.jar
[DEBUG]  C:\Users\ArthurLemarc_v4i1hl3\.m2\repository\com\fasterxml\jackson\datatype\jackson-datatype-jdk8\2.17.1\jackson-datatype-jdk8-2.17.1.jar
[DEBUG]  C:\Users\ArthurLemarc_v4i1hl3\.m2\repository\com\fasterxml\jackson\datatype\jackson-datatype-jsr310\2.17.1\jackson-datatype-jsr310-2.17.1.jar
[DEBUG]  C:\Users\ArthurLemarc_v4i1hl3\.m2\repository\com\fasterxml\jackson\module\jackson-module-parameter-names\2.17.1\jackson-module-parameter-names-2.17.1.jar
[DEBUG]  C:\Users\ArthurLemarc_v4i1hl3\.m2\repository\org\springframework\boot\spring-boot-starter-tomcat\3.3.0\spring-boot-starter-tomcat-3.3.0.jar
[DEBUG]  C:\Users\ArthurLemarc_v4i1hl3\.m2\repository\org\apache\tomcat\embed\tomcat-embed-core\10.1.24\tomcat-embed-core-10.1.24.jar
[DEBUG]  C:\Users\ArthurLemarc_v4i1hl3\.m2\repository\org\apache\tomcat\embed\tomcat-embed-el\10.1.24\tomcat-embed-el-10.1.24.jar
[DEBUG]  C:\Users\ArthurLemarc_v4i1hl3\.m2\repository\org\apache\tomcat\embed\tomcat-embed-websocket\10.1.24\tomcat-embed-websocket-10.1.24.jar
[DEBUG]  C:\Users\ArthurLemarc_v4i1hl3\.m2\repository\org\springframework\spring-web\6.1.8\spring-web-6.1.8.jar
[DEBUG]  C:\Users\ArthurLemarc_v4i1hl3\.m2\repository\org\springframework\spring-beans\6.1.8\spring-beans-6.1.8.jar
[DEBUG]  C:\Users\ArthurLemarc_v4i1hl3\.m2\repository\io\micrometer\micrometer-observation\1.13.0\micrometer-observation-1.13.0.jar
[DEBUG]  C:\Users\ArthurLemarc_v4i1hl3\.m2\repository\io\micrometer\micrometer-commons\1.13.0\micrometer-commons-1.13.0.jar
[DEBUG]  C:\Users\ArthurLemarc_v4i1hl3\.m2\repository\org\springframework\spring-webmvc\6.1.8\spring-webmvc-6.1.8.jar
[DEBUG]  C:\Users\ArthurLemarc_v4i1hl3\.m2\repository\org\springframework\spring-context\6.1.8\spring-context-6.1.8.jar
[DEBUG]  C:\Users\ArthurLemarc_v4i1hl3\.m2\repository\org\springframework\spring-expression\6.1.8\spring-expression-6.1.8.jar
[DEBUG]  C:\Users\ArthurLemarc_v4i1hl3\.m2\repository\org\springframework\boot\spring-boot-starter-data-jpa\3.3.0\spring-boot-starter-data-jpa-3.3.0.jar
[DEBUG]  C:\Users\ArthurLemarc_v4i1hl3\.m2\repository\org\springframework\boot\spring-boot-starter-aop\3.3.0\spring-boot-starter-aop-3.3.0.jar
[DEBUG]  C:\Users\ArthurLemarc_v4i1hl3\.m2\repository\org\aspectj\aspectjweaver\1.9.22\aspectjweaver-1.9.22.jar
[DEBUG]  C:\Users\ArthurLemarc_v4i1hl3\.m2\repository\org\springframework\boot\spring-boot-starter-jdbc\3.3.0\spring-boot-starter-jdbc-3.3.0.jar
[DEBUG]  C:\Users\ArthurLemarc_v4i1hl3\.m2\repository\com\zaxxer\HikariCP\5.1.0\HikariCP-5.1.0.jar
[DEBUG]  C:\Users\ArthurLemarc_v4i1hl3\.m2\repository\org\springframework\spring-jdbc\6.1.8\spring-jdbc-6.1.8.jar
[DEBUG]  C:\Users\ArthurLemarc_v4i1hl3\.m2\repository\org\hibernate\orm\hibernate-core\6.5.2.Final\hibernate-core-6.5.2.Final.jar
[DEBUG]  C:\Users\ArthurLemarc_v4i1hl3\.m2\repository\jakarta\persistence\jakarta.persistence-api\3.1.0\jakarta.persistence-api-3.1.0.jar
[DEBUG]  C:\Users\ArthurLemarc_v4i1hl3\.m2\repository\jakarta\transaction\jakarta.transaction-api\2.0.1\jakarta.transaction-api-2.0.1.jar
[DEBUG]  C:\Users\ArthurLemarc_v4i1hl3\.m2\repository\org\antlr\antlr4-runtime\4.13.0\antlr4-runtime-4.13.0.jar
[DEBUG]  C:\Users\ArthurLemarc_v4i1hl3\.m2\repository\org\springframework\data\spring-data-jpa\3.3.0\spring-data-jpa-3.3.0.jar
[DEBUG]  C:\Users\ArthurLemarc_v4i1hl3\.m2\repository\org\springframework\data\spring-data-commons\3.3.0\spring-data-commons-3.3.0.jar
[DEBUG]  C:\Users\ArthurLemarc_v4i1hl3\.m2\repository\org\springframework\spring-orm\6.1.8\spring-orm-6.1.8.jar
[DEBUG]  C:\Users\ArthurLemarc_v4i1hl3\.m2\repository\org\springframework\spring-tx\6.1.8\spring-tx-6.1.8.jar
[DEBUG]  C:\Users\ArthurLemarc_v4i1hl3\.m2\repository\org\slf4j\slf4j-api\2.0.13\slf4j-api-2.0.13.jar
[DEBUG]  C:\Users\ArthurLemarc_v4i1hl3\.m2\repository\org\springframework\spring-aspects\6.1.8\spring-aspects-6.1.8.jar
[DEBUG]  C:\Users\ArthurLemarc_v4i1hl3\.m2\repository\org\projectlombok\lombok\1.18.32\lombok-1.18.32.jar
[DEBUG]  C:\Users\ArthurLemarc_v4i1hl3\.m2\repository\org\springframework\boot\spring-boot\3.3.0\spring-boot-3.3.0.jar
[DEBUG]  C:\Users\ArthurLemarc_v4i1hl3\.m2\repository\org\springframework\boot\spring-boot-autoconfigure\3.3.0\spring-boot-autoconfigure-3.3.0.jar
[DEBUG]  C:\Users\ArthurLemarc_v4i1hl3\.m2\repository\com\opencsv\opencsv\5.7.1\opencsv-5.7.1.jar
[DEBUG]  C:\Users\ArthurLemarc_v4i1hl3\.m2\repository\org\apache\commons\commons-lang3\3.14.0\commons-lang3-3.14.0.jar
[DEBUG]  C:\Users\ArthurLemarc_v4i1hl3\.m2\repository\org\apache\commons\commons-text\1.10.0\commons-text-1.10.0.jar
[DEBUG]  C:\Users\ArthurLemarc_v4i1hl3\.m2\repository\commons-beanutils\commons-beanutils\1.9.4\commons-beanutils-1.9.4.jar
[DEBUG]  C:\Users\ArthurLemarc_v4i1hl3\.m2\repository\commons-logging\commons-logging\1.2\commons-logging-1.2.jar
[DEBUG]  C:\Users\ArthurLemarc_v4i1hl3\.m2\repository\commons-collections\commons-collections\3.2.2\commons-collections-3.2.2.jar
[DEBUG]  C:\Users\ArthurLemarc_v4i1hl3\.m2\repository\org\apache\commons\commons-collections4\4.4\commons-collections4-4.4.jar
[DEBUG]  C:\Users\ArthurLemarc_v4i1hl3\.m2\repository\org\apache\poi\poi-ooxml\5.2.3\poi-ooxml-5.2.3.jar
[DEBUG]  C:\Users\ArthurLemarc_v4i1hl3\.m2\repository\org\apache\poi\poi\5.2.3\poi-5.2.3.jar
[DEBUG]  C:\Users\ArthurLemarc_v4i1hl3\.m2\repository\commons-codec\commons-codec\1.16.1\commons-codec-1.16.1.jar
[DEBUG]  C:\Users\ArthurLemarc_v4i1hl3\.m2\repository\org\apache\commons\commons-math3\3.6.1\commons-math3-3.6.1.jar
[DEBUG]  C:\Users\ArthurLemarc_v4i1hl3\.m2\repository\com\zaxxer\SparseBitSet\1.2\SparseBitSet-1.2.jar
[DEBUG]  C:\Users\ArthurLemarc_v4i1hl3\.m2\repository\org\apache\poi\poi-ooxml-lite\5.2.3\poi-ooxml-lite-5.2.3.jar
[DEBUG]  C:\Users\ArthurLemarc_v4i1hl3\.m2\repository\org\apache\xmlbeans\xmlbeans\5.1.1\xmlbeans-5.1.1.jar
[DEBUG]  C:\Users\ArthurLemarc_v4i1hl3\.m2\repository\org\apache\commons\commons-compress\1.21\commons-compress-1.21.jar
[DEBUG]  C:\Users\ArthurLemarc_v4i1hl3\.m2\repository\commons-io\commons-io\2.11.0\commons-io-2.11.0.jar
[DEBUG]  C:\Users\ArthurLemarc_v4i1hl3\.m2\repository\com\github\virtuald\curvesapi\1.07\curvesapi-1.07.jar
[DEBUG]  C:\Users\ArthurLemarc_v4i1hl3\.m2\repository\org\apache\logging\log4j\log4j-api\2.23.1\log4j-api-2.23.1.jar
[DEBUG]  C:\Users\ArthurLemarc_v4i1hl3\.m2\repository\org\springframework\spring-core\6.1.8\spring-core-6.1.8.jar
[DEBUG]  C:\Users\ArthurLemarc_v4i1hl3\.m2\repository\org\springframework\spring-jcl\6.1.8\spring-jcl-6.1.8.jar
[DEBUG]  C:\Users\ArthurLemarc_v4i1hl3\.m2\repository\org\springframework\boot\spring-boot-starter-security\3.3.0\spring-boot-starter-security-3.3.0.jar
[DEBUG]  C:\Users\ArthurLemarc_v4i1hl3\.m2\repository\org\springframework\spring-aop\6.1.8\spring-aop-6.1.8.jar
[DEBUG]  C:\Users\ArthurLemarc_v4i1hl3\.m2\repository\org\springframework\security\spring-security-config\6.3.0\spring-security-config-6.3.0.jar
[DEBUG]  C:\Users\ArthurLemarc_v4i1hl3\.m2\repository\org\springframework\security\spring-security-core\6.3.0\spring-security-core-6.3.0.jar
[DEBUG]  C:\Users\ArthurLemarc_v4i1hl3\.m2\repository\org\springframework\security\spring-security-crypto\6.3.0\spring-security-crypto-6.3.0.jar
[DEBUG]  C:\Users\ArthurLemarc_v4i1hl3\.m2\repository\org\springframework\security\spring-security-web\6.3.0\spring-security-web-6.3.0.jar
[DEBUG]  C:\Users\ArthurLemarc_v4i1hl3\.m2\repository\io\jsonwebtoken\jjwt-api\0.11.5\jjwt-api-0.11.5.jar
[DEBUG]  C:\Users\ArthurLemarc_v4i1hl3\.m2\repository\com\fasterxml\jackson\core\jackson-databind\2.17.1\jackson-databind-2.17.1.jar
[DEBUG]  C:\Users\ArthurLemarc_v4i1hl3\.m2\repository\com\fasterxml\jackson\core\jackson-annotations\2.17.1\jackson-annotations-2.17.1.jar
[DEBUG]  C:\Users\ArthurLemarc_v4i1hl3\.m2\repository\com\fasterxml\jackson\core\jackson-core\2.17.1\jackson-core-2.17.1.jar
[DEBUG]  C:\Users\ArthurLemarc_v4i1hl3\.m2\repository\com\github\librepdf\openpdf\1.3.30\openpdf-1.3.30.jar
[DEBUG]  C:\Users\ArthurLemarc_v4i1hl3\.m2\repository\com\google\code\findbugs\jsr305\3.0.2\jsr305-3.0.2.jar
[DEBUG] Source roots:
[DEBUG]  C:\Users\ArthurLemarc_v4i1hl3\OneDrive - Noveo\Bureau\TSE\Semestre 9\POC\backend\src\main\java
[DEBUG]  C:\Users\ArthurLemarc_v4i1hl3\OneDrive - Noveo\Bureau\TSE\Semestre 9\POC\backend\target\generated-sources\annotations
[DEBUG] Command line options:
[DEBUG] -d C:\Users\ArthurLemarc_v4i1hl3\OneDrive - Noveo\Bureau\TSE\Semestre 9\POC\backend\target\classes -classpath C:\Users\ArthurLemarc_v4i1hl3\OneDrive - Noveo\Bureau\TSE\Semestre 9\POC\backend\target\classes;C:\Users\ArthurLemarc_v4i1hl3\.m2\repository\org\springframework\boot\spring-boot-starter-web\3.3.0\spring-boot-starter-web-3.3.0.jar;C:\Users\ArthurLemarc_v4i1hl3\.m2\repository\org\springframework\boot\spring-boot-starter\3.3.0\spring-boot-starter-3.3.0.jar;C:\Users\ArthurLemarc_v4i1hl3\.m2\repository\org\springframework\boot\spring-boot-starter-logging\3.3.0\spring-boot-starter-logging-3.3.0.jar;C:\Users\ArthurLemarc_v4i1hl3\.m2\repository\ch\qos\logback\logback-classic\1.5.6\logback-classic-1.5.6.jar;C:\Users\ArthurLemarc_v4i1hl3\.m2\repository\ch\qos\logback\logback-core\1.5.6\logback-core-1.5.6.jar;C:\Users\ArthurLemarc_v4i1hl3\.m2\repository\org\apache\logging\log4j\log4j-to-slf4j\2.23.1\log4j-to-slf4j-2.23.1.jar;C:\Users\ArthurLemarc_v4i1hl3\.m2\repository\org\slf4j\jul-to-slf4j\2.0.13\jul-to-slf4j-2.0.13.jar;C:\Users\ArthurLemarc_v4i1hl3\.m2\repository\jakarta\annotation\jakarta.annotation-api\2.1.1\jakarta.annotation-api-2.1.1.jar;C:\Users\ArthurLemarc_v4i1hl3\.m2\repository\org\yaml\snakeyaml\2.2\snakeyaml-2.2.jar;C:\Users\ArthurLemarc_v4i1hl3\.m2\repository\org\springframework\boot\spring-boot-starter-json\3.3.0\spring-boot-starter-json-3.3.0.jar;C:\Users\ArthurLemarc_v4i1hl3\.m2\repository\com\fasterxml\jackson\datatype\jackson-datatype-jdk8\2.17.1\jackson-datatype-jdk8-2.17.1.jar;C:\Users\ArthurLemarc_v4i1hl3\.m2\repository\com\fasterxml\jackson\datatype\jackson-datatype-jsr310\2.17.1\jackson-datatype-jsr310-2.17.1.jar;C:\Users\ArthurLemarc_v4i1hl3\.m2\repository\com\fasterxml\jackson\module\jackson-module-parameter-names\2.17.1\jackson-module-parameter-names-2.17.1.jar;C:\Users\ArthurLemarc_v4i1hl3\.m2\repository\org\springframework\boot\spring-boot-starter-tomcat\3.3.0\spring-boot-starter-tomcat-3.3.0.jar;C:\Users\ArthurLemarc_v4i1hl3\.m2\repository\org\apache\tomcat\embed\tomcat-embed-core\10.1.24\tomcat-embed-core-10.1.24.jar;C:\Users\ArthurLemarc_v4i1hl3\.m2\repository\org\apache\tomcat\embed\tomcat-embed-el\10.1.24\tomcat-embed-el-10.1.24.jar;C:\Users\ArthurLemarc_v4i1hl3\.m2\repository\org\apache\tomcat\embed\tomcat-embed-websocket\10.1.24\tomcat-embed-websocket-10.1.24.jar;C:\Users\ArthurLemarc_v4i1hl3\.m2\repository\org\springframework\spring-web\6.1.8\spring-web-6.1.8.jar;C:\Users\ArthurLemarc_v4i1hl3\.m2\repository\org\springframework\spring-beans\6.1.8\spring-beans-6.1.8.jar;C:\Users\ArthurLemarc_v4i1hl3\.m2\repository\io\micrometer\micrometer-observation\1.13.0\micrometer-observation-1.13.0.jar;C:\Users\ArthurLemarc_v4i1hl3\.m2\repository\io\micrometer\micrometer-commons\1.13.0\micrometer-commons-1.13.0.jar;C:\Users\ArthurLemarc_v4i1hl3\.m2\repository\org\springframework\spring-webmvc\6.1.8\spring-webmvc-6.1.8.jar;C:\Users\ArthurLemarc_v4i1hl3\.m2\repository\org\springframework\spring-context\6.1.8\spring-context-6.1.8.jar;C:\Users\ArthurLemarc_v4i1hl3\.m2\repository\org\springframework\spring-expression\6.1.8\spring-expression-6.1.8.jar;C:\Users\ArthurLemarc_v4i1hl3\.m2\repository\org\springframework\boot\spring-boot-starter-data-jpa\3.3.0\spring-boot-starter-data-jpa-3.3.0.jar;C:\Users\ArthurLemarc_v4i1hl3\.m2\repository\org\springframework\boot\spring-boot-starter-aop\3.3.0\spring-boot-starter-aop-3.3.0.jar;C:\Users\ArthurLemarc_v4i1hl3\.m2\repository\org\aspectj\aspectjweaver\1.9.22\aspectjweaver-1.9.22.jar;C:\Users\ArthurLemarc_v4i1hl3\.m2\repository\org\springframework\boot\spring-boot-starter-jdbc\3.3.0\spring-boot-starter-jdbc-3.3.0.jar;C:\Users\ArthurLemarc_v4i1hl3\.m2\repository\com\zaxxer\HikariCP\5.1.0\HikariCP-5.1.0.jar;C:\Users\ArthurLemarc_v4i1hl3\.m2\repository\org\springframework\spring-jdbc\6.1.8\spring-jdbc-6.1.8.jar;C:\Users\ArthurLemarc_v4i1hl3\.m2\repository\org\hibernate\orm\hibernate-core\6.5.2.Final\hibernate-core-6.5.2.Final.jar;C:\Users\ArthurLemarc_v4i1hl3\.m2\repository\jakarta\persistence\jakarta.persistence-api\3.1.0\jakarta.persistence-api-3.1.0.jar;C:\Users\ArthurLemarc_v4i1hl3\.m2\repository\jakarta\transaction\jakarta.transaction-api\2.0.1\jakarta.transaction-api-2.0.1.jar;C:\Users\ArthurLemarc_v4i1hl3\.m2\repository\org\antlr\antlr4-runtime\4.13.0\antlr4-runtime-4.13.0.jar;C:\Users\ArthurLemarc_v4i1hl3\.m2\repository\org\springframework\data\spring-data-jpa\3.3.0\spring-data-jpa-3.3.0.jar;C:\Users\ArthurLemarc_v4i1hl3\.m2\repository\org\springframework\data\spring-data-commons\3.3.0\spring-data-commons-3.3.0.jar;C:\Users\ArthurLemarc_v4i1hl3\.m2\repository\org\springframework\spring-orm\6.1.8\spring-orm-6.1.8.jar;C:\Users\ArthurLemarc_v4i1hl3\.m2\repository\org\springframework\spring-tx\6.1.8\spring-tx-6.1.8.jar;C:\Users\ArthurLemarc_v4i1hl3\.m2\repository\org\slf4j\slf4j-api\2.0.13\slf4j-api-2.0.13.jar;C:\Users\ArthurLemarc_v4i1hl3\.m2\repository\org\springframework\spring-aspects\6.1.8\spring-aspects-6.1.8.jar;C:\Users\ArthurLemarc_v4i1hl3\.m2\repository\org\projectlombok\lombok\1.18.32\lombok-1.18.32.jar;C:\Users\ArthurLemarc_v4i1hl3\.m2\repository\org\springframework\boot\spring-boot\3.3.0\spring-boot-3.3.0.jar;C:\Users\ArthurLemarc_v4i1hl3\.m2\repository\org\springframework\boot\spring-boot-autoconfigure\3.3.0\spring-boot-autoconfigure-3.3.0.jar;C:\Users\ArthurLemarc_v4i1hl3\.m2\repository\com\opencsv\opencsv\5.7.1\opencsv-5.7.1.jar;C:\Users\ArthurLemarc_v4i1hl3\.m2\repository\org\apache\commons\commons-lang3\3.14.0\commons-lang3-3.14.0.jar;C:\Users\ArthurLemarc_v4i1hl3\.m2\repository\org\apache\commons\commons-text\1.10.0\commons-text-1.10.0.jar;C:\Users\ArthurLemarc_v4i1hl3\.m2\repository\commons-beanutils\commons-beanutils\1.9.4\commons-beanutils-1.9.4.jar;C:\Users\ArthurLemarc_v4i1hl3\.m2\repository\commons-logging\commons-logging\1.2\commons-logging-1.2.jar;C:\Users\ArthurLemarc_v4i1hl3\.m2\repository\commons-collections\commons-collections\3.2.2\commons-collections-3.2.2.jar;C:\Users\ArthurLemarc_v4i1hl3\.m2\repository\org\apache\commons\commons-collections4\4.4\commons-collections4-4.4.jar;C:\Users\ArthurLemarc_v4i1hl3\.m2\repository\org\apache\poi\poi-ooxml\5.2.3\poi-ooxml-5.2.3.jar;C:\Users\ArthurLemarc_v4i1hl3\.m2\repository\org\apache\poi\poi\5.2.3\poi-5.2.3.jar;C:\Users\ArthurLemarc_v4i1hl3\.m2\repository\commons-codec\commons-codec\1.16.1\commons-codec-1.16.1.jar;C:\Users\ArthurLemarc_v4i1hl3\.m2\repository\org\apache\commons\commons-math3\3.6.1\commons-math3-3.6.1.jar;C:\Users\ArthurLemarc_v4i1hl3\.m2\repository\com\zaxxer\SparseBitSet\1.2\SparseBitSet-1.2.jar;C:\Users\ArthurLemarc_v4i1hl3\.m2\repository\org\apache\poi\poi-ooxml-lite\5.2.3\poi-ooxml-lite-5.2.3.jar;C:\Users\ArthurLemarc_v4i1hl3\.m2\repository\org\apache\xmlbeans\xmlbeans\5.1.1\xmlbeans-5.1.1.jar;C:\Users\ArthurLemarc_v4i1hl3\.m2\repository\org\apache\commons\commons-compress\1.21\commons-compress-1.21.jar;C:\Users\ArthurLemarc_v4i1hl3\.m2\repository\commons-io\commons-io\2.11.0\commons-io-2.11.0.jar;C:\Users\ArthurLemarc_v4i1hl3\.m2\repository\com\github\virtuald\curvesapi\1.07\curvesapi-1.07.jar;C:\Users\ArthurLemarc_v4i1hl3\.m2\repository\org\apache\logging\log4j\log4j-api\2.23.1\log4j-api-2.23.1.jar;C:\Users\ArthurLemarc_v4i1hl3\.m2\repository\org\springframework\spring-core\6.1.8\spring-core-6.1.8.jar;C:\Users\ArthurLemarc_v4i1hl3\.m2\repository\org\springframework\spring-jcl\6.1.8\spring-jcl-6.1.8.jar;C:\Users\ArthurLemarc_v4i1hl3\.m2\repository\org\springframework\boot\spring-boot-starter-security\3.3.0\spring-boot-starter-security-3.3.0.jar;C:\Users\ArthurLemarc_v4i1hl3\.m2\repository\org\springframework\spring-aop\6.1.8\spring-aop-6.1.8.jar;C:\Users\ArthurLemarc_v4i1hl3\.m2\repository\org\springframework\security\spring-security-config\6.3.0\spring-security-config-6.3.0.jar;C:\Users\ArthurLemarc_v4i1hl3\.m2\repository\org\springframework\security\spring-security-core\6.3.0\spring-security-core-6.3.0.jar;C:\Users\ArthurLemarc_v4i1hl3\.m2\repository\org\springframework\security\spring-security-crypto\6.3.0\spring-security-crypto-6.3.0.jar;C:\Users\ArthurLemarc_v4i1hl3\.m2\repository\org\springframework\security\spring-security-web\6.3.0\spring-security-web-6.3.0.jar;C:\Users\ArthurLemarc_v4i1hl3\.m2\repository\io\jsonwebtoken\jjwt-api\0.11.5\jjwt-api-0.11.5.jar;C:\Users\ArthurLemarc_v4i1hl3\.m2\repository\com\fasterxml\jackson\core\jackson-databind\2.17.1\jackson-databind-2.17.1.jar;C:\Users\ArthurLemarc_v4i1hl3\.m2\repository\com\fasterxml\jackson\core\jackson-annotations\2.17.1\jackson-annotations-2.17.1.jar;C:\Users\ArthurLemarc_v4i1hl3\.m2\repository\com\fasterxml\jackson\core\jackson-core\2.17.1\jackson-core-2.17.1.jar;C:\Users\ArthurLemarc_v4i1hl3\.m2\repository\com\github\librepdf\openpdf\1.3.30\openpdf-1.3.30.jar;C:\Users\ArthurLemarc_v4i1hl3\.m2\repository\com\google\code\findbugs\jsr305\3.0.2\jsr305-3.0.2.jar; -sourcepath C:\Users\ArthurLemarc_v4i1hl3\OneDrive - Noveo\Bureau\TSE\Semestre 9\POC\backend\src\main\java;C:\Users\ArthurLemarc_v4i1hl3\OneDrive - Noveo\Bureau\TSE\Semestre 9\POC\backend\target\generated-sources\annotations; -s C:\Users\ArthurLemarc_v4i1hl3\OneDrive - Noveo\Bureau\TSE\Semestre 9\POC\backend\target\generated-sources\annotations -g -parameters --release 17 -encoding UTF-8 -XDuseUnsharedTable=true
[DEBUG] incrementalBuildHelper#beforeRebuildExecution
[INFO] Compiling 28 source files with javac [debug parameters release 17] to target\classes
[DEBUG] incrementalBuildHelper#afterRebuildExecution
[INFO] -------------------------------------------------------------
[ERROR] COMPILATION ERROR : 
[INFO] -------------------------------------------------------------
[ERROR] /C:/Users/ArthurLemarc_v4i1hl3/OneDrive - Noveo/Bureau/TSE/Semestre 9/POC/backend/src/main/java/poc/config/SecurityConfig.java:[24,14] ';' expected
[INFO] 1 error
[INFO] -------------------------------------------------------------
[INFO] ------------------------------------------------------------------------
[INFO] BUILD FAILURE
[INFO] ------------------------------------------------------------------------
[INFO] Total time:  3.798 s
[INFO] Finished at: 2025-11-21T22:23:05+01:00
[INFO] ------------------------------------------------------------------------
[ERROR] Failed to execute goal org.apache.maven.plugins:maven-compiler-plugin:3.13.0:compile (default-compile) on project backend: Compilation failure
[ERROR] /C:/Users/ArthurLemarc_v4i1hl3/OneDrive - Noveo/Bureau/TSE/Semestre 9/POC/backend/src/main/java/poc/config/SecurityConfig.java:[24,14] ';' expected
[ERROR] 
[ERROR] -> [Help 1]
org.apache.maven.lifecycle.LifecycleExecutionException: Failed to execute goal org.apache.maven.plugins:maven-compiler-plugin:3.13.0:compile (default-compile) on project backend: Compilation failure
/C:/Users/ArthurLemarc_v4i1hl3/OneDrive - Noveo/Bureau/TSE/Semestre 9/POC/backend/src/main/java/poc/config/SecurityConfig.java:[24,14] ';' expected

    at org.apache.maven.lifecycle.internal.MojoExecutor.doExecute2 (MojoExecutor.java:333)
    at org.apache.maven.lifecycle.internal.MojoExecutor.doExecute (MojoExecutor.java:316)
    at org.apache.maven.lifecycle.internal.MojoExecutor.execute (MojoExecutor.java:212)
    at org.apache.maven.lifecycle.internal.MojoExecutor.execute (MojoExecutor.java:174)
    at org.apache.maven.lifecycle.internal.MojoExecutor.access$000 (MojoExecutor.java:75)
    at org.apache.maven.lifecycle.internal.MojoExecutor$1.run (MojoExecutor.java:162)
    at org.apache.maven.plugin.DefaultMojosExecutionStrategy.execute (DefaultMojosExecutionStrategy.java:39)
    at org.apache.maven.lifecycle.internal.MojoExecutor.execute (MojoExecutor.java:159)
    at org.apache.maven.lifecycle.internal.MojoExecutor.executeForkedExecutions (MojoExecutor.java:448)
    at org.apache.maven.lifecycle.internal.MojoExecutor.doExecute (MojoExecutor.java:311)
    at org.apache.maven.lifecycle.internal.MojoExecutor.execute (MojoExecutor.java:212)
    at org.apache.maven.lifecycle.internal.MojoExecutor.execute (MojoExecutor.java:174)
    at org.apache.maven.lifecycle.internal.MojoExecutor.access$000 (MojoExecutor.java:75)
    at org.apache.maven.lifecycle.internal.MojoExecutor$1.run (MojoExecutor.java:162)
    at org.apache.maven.plugin.DefaultMojosExecutionStrategy.execute (DefaultMojosExecutionStrategy.java:39)
    at org.apache.maven.lifecycle.internal.MojoExecutor.execute (MojoExecutor.java:159)
    at org.apache.maven.lifecycle.internal.LifecycleModuleBuilder.buildProject (LifecycleModuleBuilder.java:105)
    at org.apache.maven.lifecycle.internal.LifecycleModuleBuilder.buildProject (LifecycleModuleBuilder.java:73)
    at org.apache.maven.lifecycle.internal.builder.singlethreaded.SingleThreadedBuilder.build (SingleThreadedBuilder.java:53)
    at org.apache.maven.lifecycle.internal.LifecycleStarter.execute (LifecycleStarter.java:118)
    at org.apache.maven.DefaultMaven.doExecute (DefaultMaven.java:261)
    at org.apache.maven.DefaultMaven.doExecute (DefaultMaven.java:173)
    at org.apache.maven.DefaultMaven.execute (DefaultMaven.java:101)
    at org.apache.maven.cli.MavenCli.execute (MavenCli.java:906)
    at org.apache.maven.cli.MavenCli.doMain (MavenCli.java:283)
    at org.apache.maven.cli.MavenCli.main (MavenCli.java:206)
    at jdk.internal.reflect.NativeMethodAccessorImpl.invoke0 (Native Method)
    at jdk.internal.reflect.NativeMethodAccessorImpl.invoke (NativeMethodAccessorImpl.java:77)
    at jdk.internal.reflect.DelegatingMethodAccessorImpl.invoke (DelegatingMethodAccessorImpl.java:43)
    at java.lang.reflect.Method.invoke (Method.java:568)
    at org.codehaus.plexus.classworlds.launcher.Launcher.launchEnhanced (Launcher.java:283)
    at org.codehaus.plexus.classworlds.launcher.Launcher.launch (Launcher.java:226)
    at org.codehaus.plexus.classworlds.launcher.Launcher.mainWithExitCode (Launcher.java:407)
    at org.codehaus.plexus.classworlds.launcher.Launcher.main (Launcher.java:348)
Caused by: org.apache.maven.plugin.compiler.CompilationFailureException: Compilation failure
/C:/Users/ArthurLemarc_v4i1hl3/OneDrive - Noveo/Bureau/TSE/Semestre 9/POC/backend/src/main/java/poc/config/SecurityConfig.java:[24,14] ';' expected

    at org.apache.maven.plugin.compiler.AbstractCompilerMojo.execute (AbstractCompilerMojo.java:1309)
    at org.apache.maven.plugin.compiler.CompilerMojo.execute (CompilerMojo.java:215)
    at org.apache.maven.plugin.DefaultBuildPluginManager.executeMojo (DefaultBuildPluginManager.java:126)
    at org.apache.maven.lifecycle.internal.MojoExecutor.doExecute2 (MojoExecutor.java:328)
    at org.apache.maven.lifecycle.internal.MojoExecutor.doExecute (MojoExecutor.java:316)
    at org.apache.maven.lifecycle.internal.MojoExecutor.execute (MojoExecutor.java:212)
    at org.apache.maven.lifecycle.internal.MojoExecutor.execute (MojoExecutor.java:174)
    at org.apache.maven.lifecycle.internal.MojoExecutor.access$000 (MojoExecutor.java:75)
    at org.apache.maven.lifecycle.internal.MojoExecutor$1.run (MojoExecutor.java:162)
    at org.apache.maven.plugin.DefaultMojosExecutionStrategy.execute (DefaultMojosExecutionStrategy.java:39)
    at org.apache.maven.lifecycle.internal.MojoExecutor.execute (MojoExecutor.java:159)
    at org.apache.maven.lifecycle.internal.MojoExecutor.executeForkedExecutions (MojoExecutor.java:448)
    at org.apache.maven.lifecycle.internal.MojoExecutor.doExecute (MojoExecutor.java:311)
    at org.apache.maven.lifecycle.internal.MojoExecutor.execute (MojoExecutor.java:212)
    at org.apache.maven.lifecycle.internal.MojoExecutor.execute (MojoExecutor.java:174)
    at org.apache.maven.lifecycle.internal.MojoExecutor.access$000 (MojoExecutor.java:75)
    at org.apache.maven.lifecycle.internal.MojoExecutor$1.run (MojoExecutor.java:162)
    at org.apache.maven.plugin.DefaultMojosExecutionStrategy.execute (DefaultMojosExecutionStrategy.java:39)
    at org.apache.maven.lifecycle.internal.MojoExecutor.execute (MojoExecutor.java:159)
    at org.apache.maven.lifecycle.internal.LifecycleModuleBuilder.buildProject (LifecycleModuleBuilder.java:105)
    at org.apache.maven.lifecycle.internal.LifecycleModuleBuilder.buildProject (LifecycleModuleBuilder.java:73)
    at org.apache.maven.lifecycle.internal.builder.singlethreaded.SingleThreadedBuilder.build (SingleThreadedBuilder.java:53)
    at org.apache.maven.lifecycle.internal.LifecycleStarter.execute (LifecycleStarter.java:118)
    at org.apache.maven.DefaultMaven.doExecute (DefaultMaven.java:261)
    at org.apache.maven.DefaultMaven.doExecute (DefaultMaven.java:173)
    at org.apache.maven.DefaultMaven.execute (DefaultMaven.java:101)
    at org.apache.maven.cli.MavenCli.execute (MavenCli.java:906)
    at org.apache.maven.cli.MavenCli.doMain (MavenCli.java:283)
    at org.apache.maven.cli.MavenCli.main (MavenCli.java:206)
    at jdk.internal.reflect.NativeMethodAccessorImpl.invoke0 (Native Method)
    at jdk.internal.reflect.NativeMethodAccessorImpl.invoke (NativeMethodAccessorImpl.java:77)
    at jdk.internal.reflect.DelegatingMethodAccessorImpl.invoke (DelegatingMethodAccessorImpl.java:43)
    at java.lang.reflect.Method.invoke (Method.java:568)
    at org.codehaus.plexus.classworlds.launcher.Launcher.launchEnhanced (Launcher.java:283)
    at org.codehaus.plexus.classworlds.launcher.Launcher.launch (Launcher.java:226)
    at org.codehaus.plexus.classworlds.launcher.Launcher.mainWithExitCode (Launcher.java:407)
    at org.codehaus.plexus.classworlds.launcher.Launcher.main (Launcher.java:348)
[ERROR] 
[ERROR] 
[ERROR] For more information about the errors and possible solutions, please read the following articles:
[ERROR] [Help 1] http://cwiki.apache.org/confluence/display/MAVEN/MojoFailureException
[DEBUG] Shutting down adapter factory; available factories [file-lock, rwlock-local, semaphore-local, noop]; available name mappers [discriminating, file-gav, file-hgav, file-static, gav, static]
[DEBUG] Shutting down 'file-lock' factory
[DEBUG] Shutting down 'rwlock-local' factory
[DEBUG] Shutting down 'semaphore-local' factory
[DEBUG] Shutting down 'noop' factory
